Archive member included to satisfy reference by file (symbol)

drivers/built-in.o            (--whole-archive)
kernel/built-in.o             (--whole-archive)
lib/built-in.o                (--whole-archive)
misc/built-in.o               (--whole-archive)
boards/built-in.o             (--whole-archive)
ext/built-in.o                (--whole-archive)
subsys/built-in.o             (--whole-archive)
arch/built-in.o               (--whole-archive)
kernel/lib.a(atomic_c.o)      subsys/built-in.o (atomic_get)
kernel/lib.a(device.o)        src/built-in.o (device_get_binding)
kernel/lib.a(errno.o)         lib/built-in.o (__errno)
kernel/lib.a(idle.o)          arch/built-in.o (_sys_power_save_idle_exit)
kernel/lib.a(init.o)          arch/built-in.o (_bss_zero)
kernel/lib.a(mutex.o)         subsys/built-in.o (k_mutex_lock)
kernel/lib.a(poll.o)          subsys/built-in.o (k_poll)
kernel/lib.a(queue.o)         subsys/built-in.o (k_queue_append)
kernel/lib.a(sched.o)         kernel/lib.a(init.o) (_add_thread_to_ready_q)
kernel/lib.a(sem.o)           subsys/built-in.o (k_sem_init)
kernel/lib.a(sys_clock.o)     drivers/built-in.o (_sys_clock_tick_count)
kernel/lib.a(system_work_q.o)
                              subsys/built-in.o (k_sys_work_q)
kernel/lib.a(thread.o)        arch/built-in.o (k_is_in_isr)
kernel/lib.a(work_q.o)        kernel/lib.a(system_work_q.o) (k_work_q_start)
/home/mrnam/gcc-arm-none-eabi-5_4-2016q3/bin/../lib/gcc/arm-none-eabi/5.4.1/armv6-m/libgcc.a(_thumb1_case_uqi.o)
                              subsys/built-in.o (__gnu_thumb1_case_uqi)
/home/mrnam/gcc-arm-none-eabi-5_4-2016q3/bin/../lib/gcc/arm-none-eabi/5.4.1/armv6-m/libgcc.a(_thumb1_case_uhi.o)
                              subsys/built-in.o (__gnu_thumb1_case_uhi)
/home/mrnam/gcc-arm-none-eabi-5_4-2016q3/bin/../lib/gcc/arm-none-eabi/5.4.1/armv6-m/libgcc.a(_udivsi3.o)
                              drivers/built-in.o (__aeabi_uidiv)
/home/mrnam/gcc-arm-none-eabi-5_4-2016q3/bin/../lib/gcc/arm-none-eabi/5.4.1/armv6-m/libgcc.a(_divsi3.o)
                              lib/built-in.o (__aeabi_idiv)
/home/mrnam/gcc-arm-none-eabi-5_4-2016q3/bin/../lib/gcc/arm-none-eabi/5.4.1/armv6-m/libgcc.a(_dvmd_tls.o)
                              /home/mrnam/gcc-arm-none-eabi-5_4-2016q3/bin/../lib/gcc/arm-none-eabi/5.4.1/armv6-m/libgcc.a(_udivsi3.o) (__aeabi_idiv0)
/home/mrnam/gcc-arm-none-eabi-5_4-2016q3/bin/../lib/gcc/arm-none-eabi/5.4.1/armv6-m/libgcc.a(_lshrdi3.o)
                              lib/built-in.o (__aeabi_llsr)
/home/mrnam/gcc-arm-none-eabi-5_4-2016q3/bin/../lib/gcc/arm-none-eabi/5.4.1/armv6-m/libgcc.a(_ashldi3.o)
                              lib/built-in.o (__aeabi_llsl)
/home/mrnam/gcc-arm-none-eabi-5_4-2016q3/bin/../lib/gcc/arm-none-eabi/5.4.1/armv6-m/libgcc.a(_aeabi_uldivmod.o)
                              subsys/built-in.o (__aeabi_uldivmod)
/home/mrnam/gcc-arm-none-eabi-5_4-2016q3/bin/../lib/gcc/arm-none-eabi/5.4.1/armv6-m/libgcc.a(_muldi3.o)
                              lib/built-in.o (__aeabi_lmul)
/home/mrnam/gcc-arm-none-eabi-5_4-2016q3/bin/../lib/gcc/arm-none-eabi/5.4.1/armv6-m/libgcc.a(_ffssi2.o)
                              drivers/built-in.o (__ffssi2)
/home/mrnam/gcc-arm-none-eabi-5_4-2016q3/bin/../lib/gcc/arm-none-eabi/5.4.1/armv6-m/libgcc.a(_popcountsi2.o)
                              drivers/built-in.o (__popcountsi2)
/home/mrnam/gcc-arm-none-eabi-5_4-2016q3/bin/../lib/gcc/arm-none-eabi/5.4.1/armv6-m/libgcc.a(_udivmoddi4.o)
                              /home/mrnam/gcc-arm-none-eabi-5_4-2016q3/bin/../lib/gcc/arm-none-eabi/5.4.1/armv6-m/libgcc.a(_aeabi_uldivmod.o) (__udivmoddi4)
/home/mrnam/gcc-arm-none-eabi-5_4-2016q3/bin/../lib/gcc/arm-none-eabi/5.4.1/armv6-m/libgcc.a(_clzdi2.o)
                              /home/mrnam/gcc-arm-none-eabi-5_4-2016q3/bin/../lib/gcc/arm-none-eabi/5.4.1/armv6-m/libgcc.a(_udivmoddi4.o) (__clzdi2)
/home/mrnam/gcc-arm-none-eabi-5_4-2016q3/bin/../lib/gcc/arm-none-eabi/5.4.1/armv6-m/libgcc.a(_ctzsi2.o)
                              /home/mrnam/gcc-arm-none-eabi-5_4-2016q3/bin/../lib/gcc/arm-none-eabi/5.4.1/armv6-m/libgcc.a(_ffssi2.o) (__ctzsi2)
/home/mrnam/gcc-arm-none-eabi-5_4-2016q3/bin/../lib/gcc/arm-none-eabi/5.4.1/armv6-m/libgcc.a(_clzsi2.o)
                              /home/mrnam/gcc-arm-none-eabi-5_4-2016q3/bin/../lib/gcc/arm-none-eabi/5.4.1/armv6-m/libgcc.a(_clzdi2.o) (__clzsi2)

Allocating common symbols
Common symbol       size              file

_sys_pm_idle_exit_notify
                    0x1               kernel/lib.a(idle.o)
wl_anon             0x1               subsys/built-in.o
bt_storage          0x4               subsys/built-in.o
_handling_timeouts  0x4               kernel/lib.a(sys_clock.o)
recv_thread_data    0x60              subsys/built-in.o
_time_slice_elapsed
                    0x4               kernel/lib.a(sys_clock.o)
_sys_clock_tick_count
                    0x8               kernel/lib.a(sys_clock.o)
k_sys_work_q        0x74              kernel/lib.a(system_work_q.o)
[...]
Memory Configuration

Name             Origin             Length             Attributes
FLASH            0x00000000         0x00040000         xr
SRAM             0x20000000         0x00008000         xw
IDT_LIST         0x20008000         0x00000800         xw
*default*        0x00000000         0xffffffff

Linker script and memory map

LOAD isr_tables.o
START GROUP
LOAD src/built-in.o
LOAD libzephyr.a
LOAD kernel/lib.a
LOAD ./arch/arm/core/offsets/offsets.o
END GROUP
LOAD /home/mrnam/gcc-arm-none-eabi-5_4-2016q3/bin/../lib/gcc/arm-none-eabi/5.4.1/armv6-m/libgcc.a
                0x00000000                _image_rom_start = 0x0

text            0x00000000     0x9cf2
                0x00000000                . = 0x0
 *(.exc_vector_table)
 *(.exc_vector_table.*)
 .exc_vector_table._vector_table_section
                0x00000000       0x40 arch/built-in.o
                0x00000000                _vector_table
 *(.gnu.linkonce.irq_vector_table)
 .gnu.linkonce.irq_vector_table
                0x00000040       0x68 isr_tables.o
                0x00000040                _irq_vector_table
 *(.openocd_dbg)
 *(.openocd_dbg.*)
 *(.kinetis_flash_config)
 *(.kinetis_flash_config.*)
 *(.gnu.linkonce.sw_isr_table)
 .gnu.linkonce.sw_isr_table
                0x000000a8       0xd0 isr_tables.o
                0x000000a8                _sw_isr_table
                0x00000178                _image_text_start = .
 *(.text)
 .text          0x00000178       0x14 /home/mrnam/gcc-arm-none-eabi-5_4-2016q3/bin/../lib/gcc/arm-none-eabi/5.4.1/armv6-m/libgcc.a(_thumb1_case_uqi.o)
                0x00000178                __gnu_thumb1_case_uqi
 .text          0x0000018c       0x14 /home/mrnam/gcc-arm-none-eabi-5_4-2016q3/bin/../lib/gcc/arm-none-eabi/5.4.1/armv6-m/libgcc.a(_thumb1_case_uhi.o)
                0x0000018c                __gnu_thumb1_case_uhi
 .text          0x000001a0      0x114 /home/mrnam/gcc-arm-none-eabi-5_4-2016q3/bin/../lib/gcc/arm-none-eabi/5.4.1/armv6-m/libgcc.a(_udivsi3.o)
                0x000001a0                __udivsi3
                0x000001a0                __aeabi_uidiv
                0x000002ac                __aeabi_uidivmod
 .text          0x000002b4      0x1d4 /home/mrnam/gcc-arm-none-eabi-5_4-2016q3/bin/../lib/gcc/arm-none-eabi/5.4.1/armv6-m/libgcc.a(_divsi3.o)
                0x000002b4                __aeabi_idiv
                0x000002b4                __divsi3
                0x00000480                __aeabi_idivmod
 .text          0x00000488        0x4 /home/mrnam/gcc-arm-none-eabi-5_4-2016q3/bin/../lib/gcc/arm-none-eabi/5.4.1/armv6-m/libgcc.a(_dvmd_tls.o)
                0x00000488                __aeabi_ldiv0
                0x00000488                __aeabi_idiv0
 .text          0x0000048c       0x40 /home/mrnam/gcc-arm-none-eabi-5_4-2016q3/bin/../lib/gcc/arm-none-eabi/5.4.1/armv6-m/libgcc.a(_aeabi_uldivmod.o)
                0x0000048c                __aeabi_uldivmod
 .text          0x000004cc       0x58 /home/mrnam/gcc-arm-none-eabi-5_4-2016q3/bin/../lib/gcc/arm-none-eabi/5.4.1/armv6-m/libgcc.a(_muldi3.o)
                0x000004cc                __aeabi_lmul
                0x000004cc                __muldi3
 .text          0x00000524       0x14 /home/mrnam/gcc-arm-none-eabi-5_4-2016q3/bin/../lib/gcc/arm-none-eabi/5.4.1/armv6-m/libgcc.a(_ffssi2.o)
                0x00000524                __ffssi2
 .text          0x00000538       0x34 /home/mrnam/gcc-arm-none-eabi-5_4-2016q3/bin/../lib/gcc/arm-none-eabi/5.4.1/armv6-m/libgcc.a(_popcountsi2.o)
                0x00000538                __popcountsi2
 .text          0x0000056c      0x180 /home/mrnam/gcc-arm-none-eabi-5_4-2016q3/bin/../lib/gcc/arm-none-eabi/5.4.1/armv6-m/libgcc.a(_udivmoddi4.o)
                0x0000056c                __udivmoddi4
 .text          0x000006ec       0x18 /home/mrnam/gcc-arm-none-eabi-5_4-2016q3/bin/../lib/gcc/arm-none-eabi/5.4.1/armv6-m/libgcc.a(_clzdi2.o)
                0x000006ec                __clzdi2
 .text          0x00000704       0x40 /home/mrnam/gcc-arm-none-eabi-5_4-2016q3/bin/../lib/gcc/arm-none-eabi/5.4.1/armv6-m/libgcc.a(_ctzsi2.o)
                0x00000704                __ctzsi2
 .text          0x00000744       0x3c /home/mrnam/gcc-arm-none-eabi-5_4-2016q3/bin/../lib/gcc/arm-none-eabi/5.4.1/armv6-m/libgcc.a(_clzsi2.o)
                0x00000744                __clzsi2
 *(.text.*)
 .text.main     0x00000780       0x58 src/built-in.o
                0x00000780                main
 .text.rtc_compare_set
                0x000007d8       0x34 drivers/built-in.o
 .text.rtc_announce_set_next
                0x0000080c       0x64 drivers/built-in.o
 .text.rtc1_nrf5_isr
                0x00000870       0x14 drivers/built-in.o
 .text._timer_idle_enter
                0x00000884       0x2c drivers/built-in.o
                0x00000884                _timer_idle_enter
 .text._timer_idle_exit
                0x000008b0       0x2c drivers/built-in.o
                0x000008b0                _timer_idle_exit
 .text._sys_clock_driver_init
                0x000008dc       0x84 drivers/built-in.o
                0x000008dc                _sys_clock_driver_init
 .text.gpiote_find_channel
                0x00000960       0x36 drivers/built-in.o
 .text.gpio_nrf5_read
                0x00000996       0x20 drivers/built-in.o
 *fill*         0x000009b6        0x2 
 .text.gpio_nrf5_write
                0x000009b8       0x30 drivers/built-in.o
 .text.gpio_nrf5_manage_callback
                0x000009e8       0x4c drivers/built-in.o
 .text.gpio_nrf5_enable_callback
                0x00000a34       0x42 drivers/built-in.o
 .text.gpio_nrf5_disable_callback
                0x00000a76       0x3c drivers/built-in.o
 .text.gpio_nrf5_P0_init
                0x00000ab2       0x16 drivers/built-in.o
 .text.gpio_nrf5_port_isr
                0x00000ac8       0x6a drivers/built-in.o
 *fill*         0x00000b32        0x2 
 .text.gpio_nrf5_config
                0x00000b34      0x104 drivers/built-in.o
 .text._m16src_stop
                0x00000c38       0x68 drivers/built-in.o
 .text._clock_control_init
                0x00000ca0       0x16 drivers/built-in.o
 *fill*         0x00000cb6        0x2 
 .text._m16src_start
                0x00000cb8       0xc4 drivers/built-in.o
 .text._power_clock_isr
                0x00000d7c       0xa0 drivers/built-in.o
 .text._k32src_start
                0x00000e1c       0xc8 drivers/built-in.o
 .text.strcpy   0x00000ee4       0x12 lib/built-in.o
                0x00000ee4                strcpy
 .text.strcmp   0x00000ef6       0x18 lib/built-in.o
                0x00000ef6                strcmp
 .text.memcmp   0x00000f0e       0x2a lib/built-in.o
                0x00000f0e                memcmp
 .text.memcpy   0x00000f38       0x54 lib/built-in.o
                0x00000f38                memcpy
 .text.memset   0x00000f8c       0x4a lib/built-in.o
                0x00000f8c                memset
 .text._ConfigAbsSyms
                0x00000fd6        0x2 misc/built-in.o
                0x00000fd6                _ConfigAbsSyms
 .text.net_buf_user_data
                0x00000fd8        0xc subsys/built-in.o
 .text.hci_cmd_done.isra.9
                0x00000fe4       0x34 subsys/built-in.o
 .text.bt_hci_cmd_create
                0x00001018       0x4c subsys/built-in.o
                0x00001018                bt_hci_cmd_create
 .text.bt_hci_cmd_send_sync
                0x00001064       0x78 subsys/built-in.o
                0x00001064                bt_hci_cmd_send_sync
 .text.set_random_address
                0x000010dc       0x5c subsys/built-in.o
 .text.bt_hci_stop_scanning
                0x00001138       0x80 subsys/built-in.o
 .text.bt_le_scan_update
                0x000011b8       0x2c subsys/built-in.o
                0x000011b8                bt_le_scan_update
 .text.bt_addr_le_create_static
                0x000011e4       0x20 subsys/built-in.o
                0x000011e4                bt_addr_le_create_static
 .text.hci_init
                0x00001204      0x374 subsys/built-in.o
                0x00001554                hci_init
 .text.init_work
                0x00001578       0x30 subsys/built-in.o
 .text.bt_recv  0x000015a8      0x150 subsys/built-in.o
                0x000015a8                bt_recv
 .text.bt_recv_prio
                0x000016f8       0x8c subsys/built-in.o
                0x000016f8                bt_recv_prio
 .text.bt_hci_driver_register
                0x00001784       0x2c subsys/built-in.o
                0x00001784                bt_hci_driver_register
 .text.bt_buf_get_rx
                0x000017b0       0x24 subsys/built-in.o
                0x000017b0                bt_buf_get_rx
 .text.bt_buf_get_cmd_complete
                0x000017d4       0x44 subsys/built-in.o
                0x000017d4                bt_buf_get_cmd_complete
 .text.evt_create
                0x00001818       0x14 subsys/built-in.o
 .text.cmd_status
                0x0000182c       0x38 subsys/built-in.o
 .text.cmd_complete
                0x00001864       0x44 subsys/built-in.o
 .text.meta_evt
                0x000018a8       0x28 subsys/built-in.o
 .text.le_remote_feat_complete
                0x000018d0       0x50 subsys/built-in.o
 .text.bt_addr_le_to_str.isra.27
                0x00001920       0x24 subsys/built-in.o
 .text.le_adv_ext_report.isra.29.part.30
                0x00001944       0x2e subsys/built-in.o
 .text.sys_get_le64
                0x00001972       0x36 subsys/built-in.o
 .text.hci_cmd_handle
                0x000019a8      0x33c subsys/built-in.o
                0x000019a8                hci_cmd_handle
 .text.hci_evt_encode
                0x00001ce4      0x24c subsys/built-in.o
                0x00001ce4                hci_evt_encode
 .text.hci_get_class
                0x00001f30       0x40 subsys/built-in.o
                0x00001f30                hci_get_class
 .text._hci_driver_init
                0x00001f70       0x10 subsys/built-in.o
 .text.hci_driver_send
                0x00001f80       0x36 subsys/built-in.o
 *fill*         0x00001fb6        0x2 
 .text.recv_thread
                0x00001fb8       0x78 subsys/built-in.o
 .text.prio_recv_thread
                0x00002030       0x38 subsys/built-in.o
 .text.hci_driver_open
                0x00002068       0x70 subsys/built-in.o
 .text.mayfly_init
                0x000020d8       0x44 subsys/built-in.o
                0x000020d8                mayfly_init
 .text.mayfly_enable
                0x0000211c       0x40 subsys/built-in.o
                0x0000211c                mayfly_enable
 .text.mayfly_enqueue
                0x0000215c       0xac subsys/built-in.o
                0x0000215c                mayfly_enqueue
 .text.mayfly_run
                0x00002208      0x118 subsys/built-in.o
                0x00002208                mayfly_run
 .text.mem_init
                0x00002320       0x4c subsys/built-in.o
                0x00002320                mem_init
 .text.mem_acquire
                0x0000236c       0x32 subsys/built-in.o
                0x0000236c                mem_acquire
 .text.mem_release
                0x0000239e       0x2c subsys/built-in.o
                0x0000239e                mem_release
 .text.mem_get  0x000023ca        0x6 subsys/built-in.o
                0x000023ca                mem_get
 .text.mem_index_get
                0x000023d0       0x10 subsys/built-in.o
                0x000023d0                mem_index_get
 .text.mem_rcopy
                0x000023e0       0x20 subsys/built-in.o
                0x000023e0                mem_rcopy
 .text.memq_init
                0x00002400        0x6 subsys/built-in.o
                0x00002400                memq_init
 .text.memq_enqueue
                0x00002406        0xe subsys/built-in.o
                0x00002406                memq_enqueue
 .text.memq_peek
                0x00002414       0x16 subsys/built-in.o
                0x00002414                memq_peek
 .text.memq_dequeue
                0x0000242a       0x1e subsys/built-in.o
                0x0000242a                memq_dequeue
 .text.util_ones_count_get
                0x00002448       0x22 subsys/built-in.o
                0x00002448                util_ones_count_get
 *fill*         0x0000246a        0x2 
 .text.cntr_init
                0x0000246c       0x20 subsys/built-in.o
                0x0000246c                cntr_init
 .text.cntr_start
                0x0000248c       0x20 subsys/built-in.o
                0x0000248c                cntr_start
 .text.cntr_stop
                0x000024ac       0x2c subsys/built-in.o
                0x000024ac                cntr_stop
 .text.cntr_cnt_get
                0x000024d8       0x10 subsys/built-in.o
                0x000024d8                cntr_cnt_get
 .text.cntr_cmp_set
                0x000024e8       0x10 subsys/built-in.o
                0x000024e8                cntr_cmp_set
 .text.do_ecb   0x000024f8       0x50 subsys/built-in.o
 .text.ecb_encrypt
                0x00002548       0x44 subsys/built-in.o
                0x00002548                ecb_encrypt
 .text.isr_radio
                0x0000258c       0x14 subsys/built-in.o
                0x0000258c                isr_radio
 .text.radio_isr_set
                0x000025a0       0x30 subsys/built-in.o
                0x000025a0                radio_isr_set
 .text.radio_reset
                0x000025d0       0x20 subsys/built-in.o
                0x000025d0                radio_reset
 .text.radio_phy_set
                0x000025f0       0x18 subsys/built-in.o
                0x000025f0                radio_phy_set
 .text.radio_tx_power_set
                0x00002608       0x10 subsys/built-in.o
                0x00002608                radio_tx_power_set
 .text.radio_freq_chan_set
                0x00002618       0x10 subsys/built-in.o
                0x00002618                radio_freq_chan_set
 .text.radio_whiten_iv_set
                0x00002628       0x10 subsys/built-in.o
                0x00002628                radio_whiten_iv_set
 .text.radio_aa_set
                0x00002638       0x3c subsys/built-in.o
                0x00002638                radio_aa_set
 .text.radio_pkt_configure
                0x00002674       0x3c subsys/built-in.o
                0x00002674                radio_pkt_configure
 .text.radio_pkt_rx_set
                0x000026b0       0x10 subsys/built-in.o
                0x000026b0                radio_pkt_rx_set
 .text.radio_pkt_tx_set
                0x000026c0       0x10 subsys/built-in.o
                0x000026c0                radio_pkt_tx_set
 .text.radio_tx_ready_delay_get
                0x000026d0        0x4 subsys/built-in.o
                0x000026d0                radio_tx_ready_delay_get
 .text.radio_tx_chain_delay_get
                0x000026d4        0x4 subsys/built-in.o
                0x000026d4                radio_tx_chain_delay_get
 .text.radio_rx_ready_delay_get
                0x000026d8        0x4 subsys/built-in.o
                0x000026d8                radio_rx_ready_delay_get
 .text.radio_rx_chain_delay_get
                0x000026dc        0x4 subsys/built-in.o
                0x000026dc                radio_rx_chain_delay_get
 .text.radio_rx_enable
                0x000026e0        0xc subsys/built-in.o
                0x000026e0                radio_rx_enable
 .text.radio_tx_enable
                0x000026ec        0xc subsys/built-in.o
                0x000026ec                radio_tx_enable
 .text.radio_disable
                0x000026f8       0x14 subsys/built-in.o
                0x000026f8                radio_disable
 .text.radio_status_reset
                0x0000270c       0x14 subsys/built-in.o
                0x0000270c                radio_status_reset
 .text.radio_is_ready
                0x00002720       0x10 subsys/built-in.o
                0x00002720                radio_is_ready
 .text.radio_is_done
                0x00002730       0x10 subsys/built-in.o
                0x00002730                radio_is_done
 .text.radio_is_idle
                0x00002740       0x14 subsys/built-in.o
                0x00002740                radio_is_idle
 .text.radio_crc_configure
                0x00002754       0x24 subsys/built-in.o
                0x00002754                radio_crc_configure
 .text.radio_crc_is_valid
                0x00002778       0x14 subsys/built-in.o
                0x00002778                radio_crc_is_valid
 .text.radio_pkt_empty_get
                0x0000278c        0x8 subsys/built-in.o
                0x0000278c                radio_pkt_empty_get
 .text.radio_pkt_scratch_get
                0x00002794        0x8 subsys/built-in.o
                0x00002794                radio_pkt_scratch_get
 .text.radio_switch_complete_and_rx
                0x0000279c       0x10 subsys/built-in.o
                0x0000279c                radio_switch_complete_and_rx
 .text.radio_switch_complete_and_tx
                0x000027ac       0x10 subsys/built-in.o
                0x000027ac                radio_switch_complete_and_tx
 .text.radio_switch_complete_and_disable
                0x000027bc       0x10 subsys/built-in.o
                0x000027bc                radio_switch_complete_and_disable
 .text.radio_rssi_measure
                0x000027cc       0x18 subsys/built-in.o
                0x000027cc                radio_rssi_measure
 .text.radio_rssi_get
                0x000027e4       0x10 subsys/built-in.o
                0x000027e4                radio_rssi_get
 .text.radio_rssi_status_reset
                0x000027f4        0xc subsys/built-in.o
                0x000027f4                radio_rssi_status_reset
 .text.radio_rssi_is_ready
                0x00002800       0x10 subsys/built-in.o
                0x00002800                radio_rssi_is_ready
 .text.radio_filter_configure
                0x00002810       0x54 subsys/built-in.o
                0x00002810                radio_filter_configure
 .text.radio_filter_disable
                0x00002864       0x14 subsys/built-in.o
                0x00002864                radio_filter_disable
 .text.radio_filter_status_reset
                0x00002878       0x10 subsys/built-in.o
                0x00002878                radio_filter_status_reset
 .text.radio_filter_has_match
                0x00002888       0x10 subsys/built-in.o
                0x00002888                radio_filter_has_match
 .text.radio_bc_configure
                0x00002898       0x1c subsys/built-in.o
                0x00002898                radio_bc_configure
 .text.radio_tmr_status_reset
                0x000028b4       0x20 subsys/built-in.o
                0x000028b4                radio_tmr_status_reset
 .text.radio_tmr_tifs_set
                0x000028d4       0x10 subsys/built-in.o
                0x000028d4                radio_tmr_tifs_set
 .text.radio_tmr_start
                0x000028e4       0xc4 subsys/built-in.o
                0x000028e4                radio_tmr_start
 .text.radio_tmr_stop
                0x000029a8       0x10 subsys/built-in.o
                0x000029a8                radio_tmr_stop
 .text.radio_tmr_hcto_configure
                0x000029b8       0x58 subsys/built-in.o
                0x000029b8                radio_tmr_hcto_configure
 .text.radio_tmr_aa_capture
                0x00002a10       0x44 subsys/built-in.o
                0x00002a10                radio_tmr_aa_capture
 .text.radio_tmr_aa_get
                0x00002a54       0x18 subsys/built-in.o
                0x00002a54                radio_tmr_aa_get
 .text.radio_tmr_end_capture
                0x00002a6c       0x2c subsys/built-in.o
                0x00002a6c                radio_tmr_end_capture
 .text.radio_tmr_end_get
                0x00002a98       0x10 subsys/built-in.o
                0x00002a98                radio_tmr_end_get
 .text.radio_ccm_rx_pkt_set
                0x00002aa8       0x7c subsys/built-in.o
                0x00002aa8                radio_ccm_rx_pkt_set
 .text.radio_ccm_tx_pkt_set
                0x00002b24       0x58 subsys/built-in.o
                0x00002b24                radio_ccm_tx_pkt_set
 .text.radio_ccm_is_done
                0x00002b7c       0x48 subsys/built-in.o
                0x00002b7c                radio_ccm_is_done
 .text.radio_ccm_mic_is_valid
                0x00002bc4       0x14 subsys/built-in.o
                0x00002bc4                radio_ccm_mic_is_valid
 .text.radio_ar_configure
                0x00002bd8       0x5c subsys/built-in.o
                0x00002bd8                radio_ar_configure
 .text.radio_ar_match_get
                0x00002c34       0x10 subsys/built-in.o
                0x00002c34                radio_ar_match_get
 .text.radio_ar_status_reset
                0x00002c44       0x20 subsys/built-in.o
                0x00002c44                radio_ar_status_reset
 .text.radio_ar_has_match
                0x00002c64       0x24 subsys/built-in.o
                0x00002c64                radio_ar_has_match
 .text.rand_init
                0x00002c88       0x40 subsys/built-in.o
                0x00002c88                rand_init
 .text.rand_get
                0x00002cc8       0x5c subsys/built-in.o
                0x00002cc8                rand_get
 .text.isr_rand
                0x00002d24       0x64 subsys/built-in.o
                0x00002d24                isr_rand
 .text.ticker_dequeue
                0x00002d88       0x50 subsys/built-in.o
 .text.prepare_ticks_to_expire
                0x00002dd8       0x40 subsys/built-in.o
 .text.ticker_instance1_cmp_set
                0x00002e18        0xc subsys/built-in.o
 .text.ticker_instance0_cmp_set
                0x00002e24        0xc subsys/built-in.o
 .text.ticker_instance1_sched
                0x00002e30       0x68 subsys/built-in.o
 .text.ticker_instance0_sched
                0x00002e98       0x6c subsys/built-in.o
 .text.ticker_instance0_caller_id_get
                0x00002f04       0x1a subsys/built-in.o
 .text.ticker_worker
                0x00002f1e       0xa8 subsys/built-in.o
 *fill*         0x00002fc6        0x2 
 .text.ticker_job
                0x00002fc8      0x704 subsys/built-in.o
 .text.ticker_instance1_caller_id_get
                0x000036cc       0x10 subsys/built-in.o
 .text.ticker_init
                0x000036dc       0xa8 subsys/built-in.o
                0x000036dc                ticker_init
 .text.ticker_trigger
                0x00003784       0x20 subsys/built-in.o
                0x00003784                ticker_trigger
 .text.ticker_start
                0x000037a4       0x90 subsys/built-in.o
                0x000037a4                ticker_start
 .text.ticker_update
                0x00003834       0xa0 subsys/built-in.o
                0x00003834                ticker_update
 .text.ticker_stop
                0x000038d4       0x5c subsys/built-in.o
                0x000038d4                ticker_stop
 .text.ticker_next_slot_get
                0x00003930       0x64 subsys/built-in.o
                0x00003930                ticker_next_slot_get
 .text.ticker_job_idle_get
                0x00003994       0x58 subsys/built-in.o
                0x00003994                ticker_job_idle_get
 .text.ticker_job_sched
                0x000039ec       0x20 subsys/built-in.o
                0x000039ec                ticker_job_sched
 .text.ticker_ticks_now_get
                0x00003a0c        0x8 subsys/built-in.o
                0x00003a0c                ticker_ticks_now_get
 .text.ticker_ticks_diff_get
                0x00003a14        0x8 subsys/built-in.o
                0x00003a14                ticker_ticks_diff_get
 .text.bt_rand  0x00003a1c       0x3c subsys/built-in.o
                0x00003a1c                bt_rand
 .text.cpu_sleep
                0x00003a58        0x8 subsys/built-in.o
 .text.ticker_if_done
                0x00003a60        0x4 subsys/built-in.o
 .text.prepare_reduced
                0x00003a64       0x10 subsys/built-in.o
 .text.prepare_normal
                0x00003a74        0xe subsys/built-in.o
 .text.chan_sel_remap
                0x00003a82       0x34 subsys/built-in.o
 *fill*         0x00003ab6        0x2 
 .text.packet_rx_reserve_get
                0x00003ab8       0x48 subsys/built-in.o
 .text.conn_update_req
                0x00003b00       0xac subsys/built-in.o
 .text.tx_cmplt_get
                0x00003bac       0xa0 subsys/built-in.o
 .text.connection_get
                0x00003c4c       0x30 subsys/built-in.o
 .text.role_disable
                0x00003c7c      0x1f0 subsys/built-in.o
 .text.prepare_pdu_data_tx
                0x00003e6c      0x10e subsys/built-in.o
 *fill*         0x00003f7a        0x2 
 .text.sched_free_win_offset_calc
                0x00003f7c      0x224 subsys/built-in.o
 .text.mayfly_sched_win_offset_select
                0x000041a0       0xe4 subsys/built-in.o
 .text.mayfly_sched_free_win_offset_calc
                0x00004284       0x38 subsys/built-in.o
 .text.sched_after_mstr_free_slot_get
                0x000042bc      0x108 subsys/built-in.o
 .text.sched_after_mstr_free_offset_get
                0x000043c4       0x5c subsys/built-in.o
 .text.mayfly_sched_win_offset_use
                0x00004420       0x34 subsys/built-in.o
 .text.rx_fc_lock
                0x00004454       0x38 subsys/built-in.o
 .text.ticker_job_disable
                0x0000448c       0x1c subsys/built-in.o
 .text.mayfly_xtal_retain.part.10
                0x000044a8       0x30 subsys/built-in.o
 .text.rx_packet_set
                0x000044d8       0x3e subsys/built-in.o
 .text.tx_packet_set
                0x00004516       0x3e subsys/built-in.o
 .text.radio_event_adv_prepare.part.26
                0x00004554        0x6 subsys/built-in.o
 *fill*         0x0000455a        0x2 
 .text.prepare_normal_set
                0x0000455c       0x48 subsys/built-in.o
 .text.terminate_ind_rx_enqueue
                0x000045a4       0x44 subsys/built-in.o
 .text.packet_rx_enqueue
                0x000045e8       0x60 subsys/built-in.o
 .text.isr_rx_scan_report
                0x00004648       0x64 subsys/built-in.o
 .text.chan_set
                0x000046ac       0x3a subsys/built-in.o
 *fill*         0x000046e6        0x2 
 .text.adv_setup
                0x000046e8       0xb8 subsys/built-in.o
 .text.pdu_node_tx_release
                0x000047a0       0x48 subsys/built-in.o
 .text.packet_tx_enqueue
                0x000047e8       0xa4 subsys/built-in.o
 .text.connection_release
                0x0000488c      0x108 subsys/built-in.o
 .text.mayfly_radio_stop
                0x00004994       0x34 subsys/built-in.o
 .text.mayfly_radio_active
                0x000049c8       0x34 subsys/built-in.o
 .text.mayfly_radio_inactive
                0x000049fc        0xa subsys/built-in.o
 *fill*         0x00004a06        0x2 
 .text.event_xtal
                0x00004a08       0x1c subsys/built-in.o
 .text.event_active
                0x00004a24       0x1c subsys/built-in.o
 .text.event_stop
                0x00004a40       0x20 subsys/built-in.o
 .text.event_adv_stop
                0x00004a60       0x60 subsys/built-in.o
                0x00004a60                event_adv_stop
 .text.event_common_prepare
                0x00004ac0      0x188 subsys/built-in.o
 .text.ticker_update_slave_assert
                0x00004c48       0x1c subsys/built-in.o
 .text.ticker_update_adv_assert
                0x00004c64       0x18 subsys/built-in.o
 .text.ticker_stop_scan_assert
                0x00004c7c       0x20 subsys/built-in.o
 .text.ticker_stop_adv_assert
                0x00004c9c       0x20 subsys/built-in.o
 .text.ticker_success_assert
                0x00004cbc        0xc subsys/built-in.o
 .text.radio_event_adv_prepare
                0x00004cc8       0x38 subsys/built-in.o
                0x00004cc8                radio_event_adv_prepare
 .text.adv_scan_configure.constprop.31
                0x00004d00       0x4c subsys/built-in.o
 .text.packet_rx_allocate.constprop.32
                0x00004d4c       0x8c subsys/built-in.o
 .text.common_init
                0x00004dd8       0xf8 subsys/built-in.o
 .text.mayfly_xtal_start
                0x00004ed0       0x14 subsys/built-in.o
 .text.mayfly_xtal_stop
                0x00004ee4       0x14 subsys/built-in.o
 .text.chan_sel_2
                0x00004ef8       0x84 subsys/built-in.o
 .text.preempt_calc
                0x00004f7c       0x44 subsys/built-in.o
 .text.event_adv
                0x00004fc0       0xac subsys/built-in.o
 .text.connection_configure
                0x0000506c       0x3c subsys/built-in.o
 .text.event_slave
                0x000050a8      0x160 subsys/built-in.o
 .text.ctrl_tx_enqueue
                0x00005208       0x7e subsys/built-in.o
 *fill*         0x00005286        0x2 
 .text.event_connection_prepare
                0x00005288      0x884 subsys/built-in.o
 .text.event_master_prepare
                0x00005b0c        0x8 subsys/built-in.o
 .text.event_slave_prepare
                0x00005b14        0x8 subsys/built-in.o
 .text.mayfly_xtal_stop_calc
                0x00005b1c      0x220 subsys/built-in.o
 .text.isr      0x00005d3c     0x1938 subsys/built-in.o
 .text.event_master
                0x00007674      0x148 subsys/built-in.o
 .text.radio_init
                0x000077bc      0x104 subsys/built-in.o
                0x000077bc                radio_init
 .text.ll_reset
                0x000078c0       0xa4 subsys/built-in.o
                0x000078c0                ll_reset
 .text.radio_adv_data_get
                0x00007964        0xc subsys/built-in.o
                0x00007964                radio_adv_data_get
 .text.radio_scan_data_get
                0x00007970        0xc subsys/built-in.o
                0x00007970                radio_scan_data_get
 .text.radio_adv_is_enabled
                0x0000797c       0x14 subsys/built-in.o
                0x0000797c                radio_adv_is_enabled
 .text.radio_adv_filter_pol_get
                0x00007990       0x1c subsys/built-in.o
                0x00007990                radio_adv_filter_pol_get
 .text.radio_scan_filter_pol_get
                0x000079ac       0x20 subsys/built-in.o
                0x000079ac                radio_scan_filter_pol_get
 .text.ll_version_ind_send
                0x000079cc       0x2c subsys/built-in.o
                0x000079cc                ll_version_ind_send
 .text.ll_terminate_ind_send
                0x000079f8       0x2c subsys/built-in.o
                0x000079f8                ll_terminate_ind_send
 .text.radio_rx_get
                0x00007a24       0x7c subsys/built-in.o
                0x00007a24                radio_rx_get
 .text.radio_rx_mem_release
                0x00007aa0       0x60 subsys/built-in.o
                0x00007aa0                radio_rx_mem_release
 .text.do_radio_rx_fc_set
                0x00007b00       0x6c subsys/built-in.o
                0x00007b00                do_radio_rx_fc_set
 .text.radio_rx_fc_set
                0x00007b6c       0x68 subsys/built-in.o
                0x00007b6c                radio_rx_fc_set
 .text.ll_adv_scan_state_cb
                0x00007bd4        0x2 subsys/built-in.o
                0x00007bd4                ll_adv_scan_state_cb
 *fill*         0x00007bd6        0x2 
 .text.radio_adv_enable
                0x00007bd8      0x29c subsys/built-in.o
                0x00007bd8                radio_adv_enable
 .text.radio_adv_disable
                0x00007e74       0x5c subsys/built-in.o
                0x00007e74                radio_adv_disable
 .text.radio_rx_dequeue
                0x00007ed0       0xf0 subsys/built-in.o
                0x00007ed0                radio_rx_dequeue
 .text.rtc0_nrf5_isr
                0x00007fc0       0x30 subsys/built-in.o
 .text.swi4_nrf5_isr
                0x00007ff0        0xa subsys/built-in.o
 .text.rng_nrf5_isr
                0x00007ffa        0x8 subsys/built-in.o
 .text.radio_nrf5_isr
                0x00008002       0x10 subsys/built-in.o
                0x00008002                radio_nrf5_isr
 .text.mayfly_enable_cb
                0x00008012       0x1e subsys/built-in.o
                0x00008012                mayfly_enable_cb
 .text.mayfly_is_enabled
                0x00008030       0x1a subsys/built-in.o
                0x00008030                mayfly_is_enabled
 .text.mayfly_prio_is_equal
                0x0000804a       0x1c subsys/built-in.o
                0x0000804a                mayfly_prio_is_equal
 *fill*         0x00008066        0x2 
 .text.mayfly_pend
                0x00008068       0x24 subsys/built-in.o
                0x00008068                mayfly_pend
 .text.radio_active_callback
                0x0000808c        0x2 subsys/built-in.o
                0x0000808c                radio_active_callback
 *fill*         0x0000808e        0x2 
 .text.radio_event_callback
                0x00008090       0x10 subsys/built-in.o
                0x00008090                radio_event_callback
 .text.ll_init  0x000080a0       0xf4 subsys/built-in.o
                0x000080a0                ll_init
 .text.ll_addr_get
                0x00008194       0x30 subsys/built-in.o
                0x00008194                ll_addr_get
 .text.ll_addr_set
                0x000081c4       0x18 subsys/built-in.o
                0x000081c4                ll_addr_set
 .text.ctrl_filter_get
                0x000081dc        0x8 subsys/built-in.o
                0x000081dc                ctrl_filter_get
 .text.ll_wl_size_get
                0x000081e4        0x4 subsys/built-in.o
                0x000081e4                ll_wl_size_get
 .text.ll_wl_clear
                0x000081e8       0x2c subsys/built-in.o
                0x000081e8                ll_wl_clear
 .text.ll_wl_add
                0x00008214       0x78 subsys/built-in.o
                0x00008214                ll_wl_add
 .text.ll_wl_remove
                0x0000828c       0x94 subsys/built-in.o
                0x0000828c                ll_wl_remove
 .text.ll_filter_reset
                0x00008320       0x18 subsys/built-in.o
                0x00008320                ll_filter_reset
 .text.ll_adv_params_set
                0x00008338      0x1f4 subsys/built-in.o
                0x00008338                ll_adv_params_set
 .text.ll_adv_data_set
                0x0000852c       0xac subsys/built-in.o
                0x0000852c                ll_adv_data_set
 .text.ll_scan_data_set
                0x000085d8       0x76 subsys/built-in.o
                0x000085d8                ll_scan_data_set
 *fill*         0x0000864e        0x2 
 .text.ll_adv_enable
                0x00008650       0x98 subsys/built-in.o
                0x00008650                ll_adv_enable
 .text.net_buf_pool_get
                0x000086e8       0x10 subsys/built-in.o
                0x000086e8                net_buf_pool_get
 .text.net_buf_alloc
                0x000086f8       0x90 subsys/built-in.o
                0x000086f8                net_buf_alloc
 .text.net_buf_reserve
                0x00008788        0xa subsys/built-in.o
                0x00008788                net_buf_reserve
 .text.net_buf_put
                0x00008792       0x1c subsys/built-in.o
                0x00008792                net_buf_put
 *fill*         0x000087ae        0x2 
 .text.net_buf_unref
                0x000087b0       0x3c subsys/built-in.o
                0x000087b0                net_buf_unref
 .text.net_buf_ref
                0x000087ec        0x8 subsys/built-in.o
                0x000087ec                net_buf_ref
 .text.net_buf_simple_add
                0x000087f4        0xe subsys/built-in.o
                0x000087f4                net_buf_simple_add
 .text.net_buf_simple_add_mem
                0x00008802       0x14 subsys/built-in.o
                0x00008802                net_buf_simple_add_mem
 .text.net_buf_simple_pull
                0x00008816       0x10 subsys/built-in.o
                0x00008816                net_buf_simple_pull
 .text.net_buf_simple_pull_u8
                0x00008826       0x10 subsys/built-in.o
                0x00008826                net_buf_simple_pull_u8
 .text.net_buf_simple_headroom
                0x00008836        0xa subsys/built-in.o
                0x00008836                net_buf_simple_headroom
 .text.nordicsemi_nrf51_init
                0x00008840       0xa0 arch/built-in.o
 .text._HandlerModeExit
                0x000088e0       0x30 arch/built-in.o
                0x000088e0                _IntExit
                0x000088ec                _ExcExit
 .text._IntLibInit
                0x00008910       0x30 arch/built-in.o
                0x00008910                _IntLibInit
 .text.__pendsv
                0x00008940       0x5c arch/built-in.o
                0x00008940                __pendsv
 .text.__svc    0x0000899c       0x28 arch/built-in.o
                0x0000899c                __svc
 .text.__swap   0x000089c4       0x28 arch/built-in.o
                0x000089c4                __swap
 .text._Fault   0x000089ec       0x14 arch/built-in.o
                0x000089ec                _Fault
 .text._FaultInit
                0x00008a00        0x2 arch/built-in.o
                0x00008a00                _FaultInit
 *fill*         0x00008a02        0x2 
 .text._arch_irq_enable
                0x00008a04       0x14 arch/built-in.o
                0x00008a04                _arch_irq_enable
 .text._arch_irq_disable
                0x00008a18       0x14 arch/built-in.o
                0x00008a18                _arch_irq_disable
 .text._arch_irq_is_enabled
                0x00008a2c       0x18 arch/built-in.o
                0x00008a2c                _arch_irq_is_enabled
 .text._irq_priority_set
                0x00008a44       0x64 arch/built-in.o
                0x00008a44                _irq_priority_set
 .text._irq_spurious
                0x00008aa8        0x8 arch/built-in.o
                0x00008aa8                _irq_spurious
 .text._arch_isr_direct_pm
                0x00008ab0       0x24 arch/built-in.o
                0x00008ab0                _arch_isr_direct_pm
 .text._new_thread
                0x00008ad4       0x48 arch/built-in.o
                0x00008ad4                _new_thread
 .text._CpuIdleInit
                0x00008b1c        0xc arch/built-in.o
                0x00008b1c                _CpuIdleInit
 .text.k_cpu_idle
                0x00008b28        0x8 arch/built-in.o
                0x00008b28                k_cpu_idle
 .text.__fault  0x00008b30       0x1c arch/built-in.o
                0x00008b30                __reserved
                0x00008b30                __hard_fault
 .text._NanoFatalErrorHandler
                0x00008b4c       0x14 arch/built-in.o
                0x00008b4c                _NanoFatalErrorHandler
 .text._do_kernel_oops
                0x00008b60        0xc arch/built-in.o
                0x00008b60                _do_kernel_oops
 .text._SysFatalErrorHandler
                0x00008b6c       0x30 arch/built-in.o
                0x00008b6c                _SysFatalErrorHandler
 .text.k_thread_abort
                0x00008b9c       0x44 arch/built-in.o
                0x00008b9c                k_thread_abort
 .text._isr_wrapper
                0x00008be0       0x38 arch/built-in.o
                0x00008be0                _isr_wrapper
 .text._reset_section
                0x00008c18       0x1c arch/built-in.o
                0x00008c18                __reset
                0x00008c18                __start
 .text._SysNmiOnReset
                0x00008c34        0x4 arch/built-in.o
                0x00008c34                _SysNmiOnReset
 .text._PrepC   0x00008c38        0xe arch/built-in.o
                0x00008c38                _PrepC
 .text.__nmi    0x00008c46        0xc arch/built-in.o
                0x00008c46                __nmi
 .text.atomic_get
                0x00008c52        0x4 kernel/lib.a(atomic_c.o)
                0x00008c52                atomic_get
 .text.atomic_set
                0x00008c56       0x14 kernel/lib.a(atomic_c.o)
                0x00008c56                atomic_set
 .text.atomic_or
                0x00008c6a       0x16 kernel/lib.a(atomic_c.o)
                0x00008c6a                atomic_or
 .text.atomic_and
                0x00008c80       0x16 kernel/lib.a(atomic_c.o)
                0x00008c80                atomic_and
 *fill*         0x00008c96        0x2 
 .text._sys_device_do_config_level
                0x00008c98       0x24 kernel/lib.a(device.o)
                0x00008c98                _sys_device_do_config_level
 .text.device_get_binding
                0x00008cbc       0x34 kernel/lib.a(device.o)
                0x00008cbc                device_get_binding
 .text._sys_power_save_idle_exit
                0x00008cf0       0x18 kernel/lib.a(idle.o)
                0x00008cf0                _sys_power_save_idle_exit
 .text.idle     0x00008d08       0x44 kernel/lib.a(idle.o)
                0x00008d08                idle
 .text._bss_zero
                0x00008d4c       0x18 kernel/lib.a(init.o)
                0x00008d4c                _bss_zero
 .text._data_copy
                0x00008d64       0x1c kernel/lib.a(init.o)
                0x00008d64                _data_copy
 .text._main    0x00008d80       0x28 kernel/lib.a(init.o)
 .text._Cstart  0x00008da8      0x100 kernel/lib.a(init.o)
                0x00008da8                _Cstart
 .text.adjust_owner_prio.isra.6
                0x00008ea8       0x2c kernel/lib.a(mutex.o)
 .text.k_mutex_lock
                0x00008ed4       0xc4 kernel/lib.a(mutex.o)
                0x00008ed4                k_mutex_lock
 .text.k_mutex_unlock
                0x00008f98       0xdc kernel/lib.a(mutex.o)
                0x00008f98                k_mutex_unlock
 .text._signal_poll_event
                0x00009074       0xcc kernel/lib.a(poll.o)
 .text._handle_obj_poll_event
                0x00009140       0x14 kernel/lib.a(poll.o)
                0x00009140                _handle_obj_poll_event
 .text._ready_thread
                0x00009154       0x1e kernel/lib.a(queue.o)
 .text.handle_poll_event
                0x00009172       0x16 kernel/lib.a(queue.o)
 .text._Swap    0x00009188       0x10 kernel/lib.a(queue.o)
 .text._must_switch_threads
                0x00009198       0x1c kernel/lib.a(queue.o)
 .text._unpend_first_thread
                0x000091b4       0x58 kernel/lib.a(queue.o)
 .text._abort_timeout
                0x0000920c       0x30 kernel/lib.a(queue.o)
 .text.k_queue_init
                0x0000923c        0xe kernel/lib.a(queue.o)
                0x0000923c                k_queue_init
 .text.k_queue_insert
                0x0000924a       0x8a kernel/lib.a(queue.o)
                0x0000924a                k_queue_insert
 .text.k_queue_append
                0x000092d4        0xc kernel/lib.a(queue.o)
                0x000092d4                k_queue_append
 .text.k_queue_prepend
                0x000092e0        0xc kernel/lib.a(queue.o)
                0x000092e0                k_queue_prepend
 .text.k_queue_append_list
                0x000092ec       0x88 kernel/lib.a(queue.o)
                0x000092ec                k_queue_append_list
 .text.k_queue_get
                0x00009374       0x50 kernel/lib.a(queue.o)
                0x00009374                k_queue_get
 .text._add_timeout
                0x000093c4       0x5c kernel/lib.a(sched.o)
 .text._add_thread_to_ready_q
                0x00009420       0x50 kernel/lib.a(sched.o)
                0x00009420                _add_thread_to_ready_q
 .text._remove_thread_from_ready_q
                0x00009470       0x58 kernel/lib.a(sched.o)
                0x00009470                _remove_thread_from_ready_q
 .text._pend_thread
                0x000094c8       0x66 kernel/lib.a(sched.o)
                0x000094c8                _pend_thread
 *fill*         0x0000952e        0x2 
 .text._pend_current_thread
                0x00009530       0x20 kernel/lib.a(sched.o)
                0x00009530                _pend_current_thread
 .text.__must_switch_threads
                0x00009550       0x24 kernel/lib.a(sched.o)
                0x00009550                __must_switch_threads
 .text._reschedule_threads
                0x00009574       0x34 kernel/lib.a(sched.o)
                0x00009574                _reschedule_threads
 .text.k_sched_unlock
                0x000095a8       0x1c kernel/lib.a(sched.o)
                0x000095a8                k_sched_unlock
 .text._move_thread_to_end_of_prio_q
                0x000095c4       0x44 kernel/lib.a(sched.o)
                0x000095c4                _move_thread_to_end_of_prio_q
 .text.k_yield  0x00009608       0x38 kernel/lib.a(sched.o)
                0x00009608                k_yield
 .text.k_sleep  0x00009640       0x4c kernel/lib.a(sched.o)
                0x00009640                k_sleep
 .text.k_current_get
                0x0000968c        0xc kernel/lib.a(sched.o)
                0x0000968c                k_current_get
 .text._is_thread_time_slicing
                0x00009698       0x54 kernel/lib.a(sched.o)
                0x00009698                _is_thread_time_slicing
 .text._update_time_slice_before_swap
                0x000096ec        0xc kernel/lib.a(sched.o)
                0x000096ec                _update_time_slice_before_swap
 .text._ready_thread
                0x000096f8       0x1e kernel/lib.a(sem.o)
 *fill*         0x00009716        0x2 
 .text._unpend_first_thread
                0x00009718       0x58 kernel/lib.a(sem.o)
 .text._abort_timeout
                0x00009770       0x30 kernel/lib.a(sem.o)
 .text.k_sem_init
                0x000097a0        0xe kernel/lib.a(sem.o)
                0x000097a0                k_sem_init
 *fill*         0x000097ae        0x2 
 .text.k_sem_give
                0x000097b0       0x78 kernel/lib.a(sem.o)
                0x000097b0                k_sem_give
 .text.k_sem_take
                0x00009828       0x3e kernel/lib.a(sem.o)
                0x00009828                k_sem_take
 *fill*         0x00009866        0x2 
 .text._nano_sys_clock_tick_announce
                0x00009868      0x18c kernel/lib.a(sys_clock.o)
                0x00009868                _nano_sys_clock_tick_announce
 .text.k_sys_work_q_init
                0x000099f4       0x20 kernel/lib.a(system_work_q.o)
 .text._is_thread_ready
                0x00009a14       0x14 kernel/lib.a(thread.o)
 .text.start_thread
                0x00009a28       0x4c kernel/lib.a(thread.o)
 .text._abort_timeout
                0x00009a74       0x30 kernel/lib.a(thread.o)
 .text.schedule_new_thread.part.14
                0x00009aa4       0x7c kernel/lib.a(thread.o)
 .text.k_is_in_isr
                0x00009b20       0x12 kernel/lib.a(thread.o)
                0x00009b20                k_is_in_isr
 *fill*         0x00009b32        0x2 
 .text._is_thread_essential
                0x00009b34       0x10 kernel/lib.a(thread.o)
                0x00009b34                _is_thread_essential
 .text._thread_entry
                0x00009b44       0x28 kernel/lib.a(thread.o)
                0x00009b44                _thread_entry
 .text.k_thread_create
                0x00009b6c       0x3c kernel/lib.a(thread.o)
                0x00009b6c                k_thread_create
 .text._k_thread_single_abort
                0x00009ba8       0x4e kernel/lib.a(thread.o)
                0x00009ba8                _k_thread_single_abort
 *fill*         0x00009bf6        0x2 
 .text._init_static_threads
                0x00009bf8       0x80 kernel/lib.a(thread.o)
                0x00009bf8                _init_static_threads
 .text._init_thread_base
                0x00009c78       0x18 kernel/lib.a(thread.o)
                0x00009c78                _init_thread_base
 .text.work_q_main
                0x00009c90       0x2a kernel/lib.a(work_q.o)
 *fill*         0x00009cba        0x2 
 .text.k_work_q_start
                0x00009cbc       0x34 kernel/lib.a(work_q.o)
                0x00009cbc                k_work_q_start
 .text._OffsetAbsSyms
                0x00009cf0        0x2 ./arch/arm/core/offsets/offsets.o
                0x00009cf0                _OffsetAbsSyms
 *(.gnu.linkonce.t.*)
                0x00009cf2                _image_text_end = .

.glue_7         0x00009cf4        0x0
 .glue_7        0x00009cf4        0x0 linker stubs

.glue_7t        0x00009cf4        0x0
 .glue_7t       0x00009cf4        0x0 linker stubs

.vfp11_veneer   0x00009cf4        0x0
 .vfp11_veneer  0x00009cf4        0x0 linker stubs

.v4_bx          0x00009cf4        0x0
 .v4_bx         0x00009cf4        0x0 linker stubs

.iplt           0x00009cf4        0x0
 .iplt          0x00009cf4        0x0 isr_tables.o

.igot.plt       0x00009cf4        0x0
 .igot.plt      0x00009cf4        0x0 isr_tables.o

.ARM.exidx      0x00009cf4        0x8
                0x00009cf4                __exidx_start = .
 *(.ARM.exidx* gnu.linkonce.armexidx.*)
 .ARM.exidx     0x00009cf4        0x8 /home/mrnam/gcc-arm-none-eabi-5_4-2016q3/bin/../lib/gcc/arm-none-eabi/5.4.1/armv6-m/libgcc.a(_udivmoddi4.o)
                0x00009cfc                __exidx_end = .

devconfig       0x00009cfc       0x54
                0x00009cfc                __devconfig_start = .
 *(.devconfig.*)
 .devconfig.init
                0x00009cfc       0x30 drivers/built-in.o
 .devconfig.init
                0x00009d2c        0xc subsys/built-in.o
 .devconfig.init
                0x00009d38        0xc arch/built-in.o
 .devconfig.init
                0x00009d44        0xc kernel/lib.a(system_work_q.o)
 *(SORT(.devconfig*))
                0x00009d50                __devconfig_end = .

net_l2          0x00009d50        0x0
                0x00009d50                __net_l2_start = .
 *(.net_l2.init)
 *(SORT(.net_l2.init*))
                0x00009d50                __net_l2_end = .

rodata          0x00009d50      0x128
 *(.rodata)
 .rodata        0x00009d50       0x28 subsys/built-in.o
 *(.rodata.*)
 .rodata.str1.1
                0x00009d78        0x7 src/built-in.o
 .rodata.str1.1
                0x00009d7f       0x20 drivers/built-in.o
                                 0x32 (size before relaxing)
 *fill*         0x00009d9f        0x1 
 .rodata.gpio_nrf5_P0_cfg
                0x00009da0        0xc drivers/built-in.o
 .rodata.gpio_nrf5_drv_api_funcs
                0x00009dac       0x1c drivers/built-in.o
 .rodata.drive_strength.5682
                0x00009dc8       0x40 drivers/built-in.o
 .rodata._m16src_clock_control_api
                0x00009e08        0xc drivers/built-in.o
 .rodata._k32src_clock_control_api
                0x00009e14        0xc drivers/built-in.o
 .rodata.str1.1
                0x00009e20       0x19 subsys/built-in.o
                                 0x30 (size before relaxing)
 *fill*         0x00009e39        0x3 
 .rodata.drv    0x00009e3c       0x10 subsys/built-in.o
 .rodata.gc_lookup_ppm
                0x00009e4c       0x10 subsys/built-in.o
 .rodata.str1.1
                0x00009e5c        0x1 arch/built-in.o
 .rodata.config_levels
                0x00009e5c       0x14 kernel/lib.a(device.o)
 .rodata._k_neg_eagain
                0x00009e70        0x4 kernel/lib.a(errno.o)
                0x00009e70                _k_neg_eagain
 .rodata._idle_thread
                0x00009e74        0x4 kernel/lib.a(init.o)
                0x00009e74                _idle_thread
 .rodata.str1.1
                0x00009e78        0x1 kernel/lib.a(system_work_q.o)
 *(.gnu.linkonce.r.*)
                0x00009e7c                . = ALIGN (0x4)
                0x00009e7c                _image_rom_end = .
                0x00009e7c                __data_rom_start = .

.rel.dyn        0x00009e78        0x0
 .rel.iplt      0x00009e78        0x0 isr_tables.o

datas           0x20000000      0x240 load address 0x00009e78
                0x20000000                _image_ram_start = .
                0x20000000                __data_ram_start = .
 *(.data)
 *(.data.*)
 .data.bt_dev   0x20000000       0xc8 subsys/built-in.o
                0x20000000                bt_dev
 .data.event_mask
                0x200000c8        0x8 subsys/built-in.o
 .data.le_event_mask
                0x200000d0        0x8 subsys/built-in.o
 .data.m.7065   0x200000d8       0x10 subsys/built-in.o
 .data.m.7014   0x200000e8       0x10 subsys/built-in.o
 .data.m.7070   0x200000f8       0x10 subsys/built-in.o
 .data.m.7031   0x20000108       0x10 subsys/built-in.o
 .data.m.7027   0x20000118       0x10 subsys/built-in.o
 .data.m.7036   0x20000128       0x10 subsys/built-in.o
 .data.m.7048   0x20000138       0x10 subsys/built-in.o
 .data.m.7055   0x20000148       0x10 subsys/built-in.o
 .data.m.7061   0x20000158       0x10 subsys/built-in.o
 .data.m.7021   0x20000168       0x10 subsys/built-in.o
 .data.s_mfy_radio_inactive.8015
                0x20000178       0x10 subsys/built-in.o
 .data.s_mfy_xtal_start.8027
                0x20000188       0x10 subsys/built-in.o
 .data.s_mfy_radio_active.8003
                0x20000198       0x10 subsys/built-in.o
 .data.s_mfy_xtal_start.8038
                0x200001a8       0x10 subsys/built-in.o
 .data.s_mfy_xtal_stop.8665
                0x200001b8       0x10 subsys/built-in.o
 .data.s_mfy_radio_stop.8674
                0x200001c8       0x10 subsys/built-in.o
 .data.s_mfy_radio_stop.8212
                0x200001d8       0x10 subsys/built-in.o
 .data.s_mfy_sched_offset.8406
                0x200001e8       0x10 subsys/built-in.o
 .data.s_mfy_xtal_stop_calc.8232
                0x200001f8       0x10 subsys/built-in.o
 .data.s_mfy_xtal_stop.8041
                0x20000208       0x20 subsys/built-in.o
 .data.s_mfy_radio_inactive.8661
                0x20000228       0x10 subsys/built-in.o
 .data._sys_idle_threshold_ticks
                0x20000238        0x4 kernel/lib.a(idle.o)
                0x20000238                _sys_idle_threshold_ticks
 .data._sys_idle_elapsed_ticks
                0x2000023c        0x4 kernel/lib.a(sys_clock.o)
                0x2000023c                _sys_idle_elapsed_ticks

initlevel       0x20000240       0x54 load address 0x0000a0b8
                0x20000240                __device_init_start = .
                0x20000240                __device_PRE_KERNEL_1_start = .
 *(SORT(.init_PRE_KERNEL_1[0-9]))
 .init_PRE_KERNEL_10
                0x20000240        0xc arch/built-in.o
 *(SORT(.init_PRE_KERNEL_1[1-9][0-9]))
 .init_PRE_KERNEL_150
                0x2000024c       0x18 drivers/built-in.o
                0x20000264                __device_PRE_KERNEL_2_start = .
 *(SORT(.init_PRE_KERNEL_2[0-9]))
 *(SORT(.init_PRE_KERNEL_2[1-9][0-9]))
                0x20000264                __device_POST_KERNEL_start = .
 *(SORT(.init_POST_KERNEL[0-9]))
 .init_POST_KERNEL0
                0x20000264        0xc drivers/built-in.o
 *(SORT(.init_POST_KERNEL[1-9][0-9]))
 .init_POST_KERNEL40
                0x20000270        0xc drivers/built-in.o
 .init_POST_KERNEL40
                0x2000027c        0xc kernel/lib.a(system_work_q.o)
 .init_POST_KERNEL50
                0x20000288        0xc subsys/built-in.o
                0x20000294                __device_APPLICATION_start = .
 *(SORT(.init_APPLICATION[0-9]))
 *(SORT(.init_APPLICATION[1-9][0-9]))
                0x20000294                __device_init_end = .

initlevel_error
                0x00009e78        0x0
 *(SORT(.init_[_A-Z0-9]*))
                0x00000001                ASSERT ((SIZEOF (initlevel_error) == 0x0), Undefined initialization levels used.)

initshell       0x20000294        0x0 load address 0x0000a10c
                0x20000294                __shell_cmd_start = .
 *(.shell_*)
                0x20000294                __shell_cmd_end = .

_static_thread_area
                0x20000294        0x0 load address 0x0000a10c
                0x20000294                _static_thread_data_list_start = .
 *(SORT(._static_thread_data.static.*))
                0x20000294                _static_thread_data_list_end = .

_k_timer_area   0x20000294        0x0 load address 0x0000a10c
                0x20000294                _k_timer_list_start = .
 *(SORT(._k_timer.static.*))
                0x20000294                _k_timer_list_end = .

_k_mem_slab_area
                0x20000294        0x0 load address 0x0000a10c
                0x20000294                _k_mem_slab_list_start = .
 *(SORT(._k_mem_slab.static.*))
                0x20000294                _k_mem_slab_list_end = .

_k_mem_pool_area
                0x20000294        0x0 load address 0x0000a10c
 *(SORT(._k_memory_pool.struct*))
                0x20000294                _k_mem_pool_list_start = .
 *(SORT(._k_mem_pool.static.*))
                0x20000294                _k_mem_pool_list_end = .

_k_sem_area     0x20000294       0x14 load address 0x0000a10c
                0x20000294                _k_sem_list_start = .
 *(SORT(._k_sem.static.*))
 ._k_sem.static.sem_prio_recv
                0x20000294       0x14 subsys/built-in.o
                0x200002a8                _k_sem_list_end = .

_k_mutex_area   0x200002a8       0x14 load address 0x0000a120
                0x200002a8                _k_mutex_list_start = .
 *(SORT(._k_mutex.static.*))
 ._k_mutex.static.mutex_rand
                0x200002a8       0x14 subsys/built-in.o
                0x200002a8                mutex_rand
                0x200002bc                _k_mutex_list_end = .

_k_alert_area   0x200002bc        0x0 load address 0x0000a134
                0x200002bc                _k_alert_list_start = .
 *(SORT(._k_alert.static.*))
                0x200002bc                _k_alert_list_end = .

_k_queue_area   0x200002bc       0x14 load address 0x0000a134
                0x200002bc                _k_queue_list_start = .
 *(SORT(._k_queue.static.*))
 ._k_queue.static.recv_fifo
                0x200002bc       0x14 subsys/built-in.o
                0x200002d0                _k_queue_list_end = .

_k_stack_area   0x200002d0        0x0 load address 0x0000a148
                0x200002d0                _k_stack_list_start = .
 *(SORT(._k_stack.static.*))
                0x200002d0                _k_stack_list_end = .

_k_msgq_area    0x200002d0        0x0 load address 0x0000a148
                0x200002d0                _k_msgq_list_start = .
 *(SORT(._k_msgq.static.*))
                0x200002d0                _k_msgq_list_end = .

_k_mbox_area    0x200002d0        0x0 load address 0x0000a148
                0x200002d0                _k_mbox_list_start = .
 *(SORT(._k_mbox.static.*))
                0x200002d0                _k_mbox_list_end = .

_k_pipe_area    0x200002d0        0x0 load address 0x0000a148
                0x200002d0                _k_pipe_list_start = .
 *(SORT(._k_pipe.static.*))
                0x200002d0                _k_pipe_list_end = .

_k_task_list    0x200002d0        0x0 load address 0x0000a148
                0x200002d0                _k_task_list_start = .
 *(._k_task_list.public.*)
 *(._k_task_list.private.*)
                0x200002d0                _k_task_list_idle_start = .
 *(._k_task_list.idle.*)
 *(SORT(._k_task_list*))
                0x200002d0                _k_task_list_end = .

_k_event_list   0x200002d0        0x0 load address 0x0000a148
                0x200002d0                _k_event_list_start = .
 *(._k_event_list.event.*)
 *(SORT(._k_event_list*))
                0x200002d0                _k_event_list_end = .

_k_memory_pool  0x200002d0        0x0 load address 0x0000a148
 *(._k_memory_pool.struct*)
 *(SORT(._k_memory_pool.struct*))
                0x200002d0                _k_mem_pool_start = .
 *(._k_memory_pool.*)
 *(SORT(._k_memory_pool*))
                0x200002d0                _k_mem_pool_end = .

_net_buf_pool_area
                0x200002d0       0x48 load address 0x0000a148
                0x200002d0                _net_buf_pool_list = .
 *(SORT(._net_buf_pool.static.*))
 ._net_buf_pool.static.hci_cmd_pool
                0x200002d0       0x24 subsys/built-in.o
                0x200002d0                hci_cmd_pool
 ._net_buf_pool.static.hci_rx_pool
                0x200002f4       0x24 subsys/built-in.o
                0x200002f4                hci_rx_pool

net_if          0x20000318        0x0 load address 0x0000a190
                0x20000318                __net_if_start = .
 *(.net_if.*)
 *(SORT(.net_if.*))
                0x20000318                __net_if_end = .

net_if_event    0x20000318        0x0 load address 0x0000a190
                0x20000318                __net_if_event_start = .
 *(.net_if_event.*)
 *(SORT(.net_if_event.*))
                0x20000318                __net_if_event_end = .

net_l2_data     0x20000318        0x0 load address 0x0000a190
                0x20000318                __net_l2_data_start = .
 *(.net_l2.data)
 *(SORT(.net_l2.data*))
                0x20000318                __net_l2_data_end = .
                0x20000318                __data_ram_end = .

bss             0x20000318      0xdf4
                0x20000318                . = ALIGN (0x4)
                0x20000318                __bss_start = .
 *(.bss)
 *(.bss.*)
 .bss.rtc_past  0x20000318        0x4 drivers/built-in.o
 .bss.expected_sys_ticks
                0x2000031c        0x4 drivers/built-in.o
 .bss.gpio_data_P0
                0x20000320       0x10 drivers/built-in.o
 .bss.m16src_ref
                0x20000330        0x1 drivers/built-in.o
 .bss.m16src_grd
                0x20000331        0x1 drivers/built-in.o
 *fill*         0x20000332        0x2 
 .bss.dh_key_cb
                0x20000334        0x4 subsys/built-in.o
 .bss.pub_key   0x20000338       0x40 subsys/built-in.o
 .bss.pub_key_cb
                0x20000378        0x4 subsys/built-in.o
 .bss.ready_cb  0x2000037c        0x4 subsys/built-in.o
 .bss.scan_dev_found_cb
                0x20000380        0x4 subsys/built-in.o
 .bss._opcode   0x20000384        0x2 subsys/built-in.o
 *fill*         0x20000386        0x2 
 .bss.mfl       0x20000388       0x80 subsys/built-in.o
 .bss.mft       0x20000408       0xc0 subsys/built-in.o
 .bss._refcount
                0x200004c8        0x1 subsys/built-in.o
 *fill*         0x200004c9        0x3 
 .bss._pkt_scratch
                0x200004cc       0x27 subsys/built-in.o
 *fill*         0x200004f3        0x1 
 .bss._pkt_empty
                0x200004f4        0x3 subsys/built-in.o
 *fill*         0x200004f7        0x1 
 .bss._ccm_scratch
                0x200004f8       0x2b subsys/built-in.o
 *fill*         0x20000523        0x1 
 .bss.sfp_radio_isr
                0x20000524        0x4 subsys/built-in.o
 .bss.rng       0x20000528        0x4 subsys/built-in.o
 .bss.link.7064
                0x2000052c        0x8 subsys/built-in.o
 .bss.link.7069
                0x20000534        0x8 subsys/built-in.o
 .bss.link.7026
                0x2000053c        0x8 subsys/built-in.o
 .bss.link.7047
                0x20000544        0x8 subsys/built-in.o
 .bss.link.7030
                0x2000054c        0x8 subsys/built-in.o
 .bss.link.7020
                0x20000554        0x8 subsys/built-in.o
 .bss.link.7013
                0x2000055c        0x8 subsys/built-in.o
 .bss._instance
                0x20000564       0x58 subsys/built-in.o
 .bss.link.7035
                0x200005bc        0x8 subsys/built-in.o
 .bss.link.7060
                0x200005c4        0x8 subsys/built-in.o
 .bss.link.7054
                0x200005cc        0x8 subsys/built-in.o
 .bss.s_link.8002
                0x200005d4        0x8 subsys/built-in.o
 .bss.s_link.8660
                0x200005dc        0x8 subsys/built-in.o
 .bss.s_link.8014
                0x200005e4        0x8 subsys/built-in.o
 .bss.s_link.8664
                0x200005ec        0x8 subsys/built-in.o
 .bss._radio    0x200005f4      0x3f0 subsys/built-in.o
 .bss.s_link.8673
                0x200009e4        0x8 subsys/built-in.o
 .bss.s_link.8026
                0x200009ec        0x8 subsys/built-in.o
 .bss.s_link.8040
                0x200009f4       0x10 subsys/built-in.o
 .bss.s_link.8037
                0x20000a04        0x8 subsys/built-in.o
 .bss.s_link.8405
                0x20000a0c        0x8 subsys/built-in.o
 .bss.s_link.8231
                0x20000a14        0x8 subsys/built-in.o
 .bss.s_active.7995
                0x20000a1c        0x1 subsys/built-in.o
 .bss.s_xtal_retained.8036
                0x20000a1d        0x1 subsys/built-in.o
 *fill*         0x20000a1e        0x2 
 .bss.s_link.8211
                0x20000a20        0x8 subsys/built-in.o
 .bss._ticker_nodes
                0x20000a28       0xfc subsys/built-in.o
 .bss._ticker_users
                0x20000b24       0x20 subsys/built-in.o
 .bss.sem_recv  0x20000b44        0x4 subsys/built-in.o
 .bss._ll_context
                0x20000b48        0xc subsys/built-in.o
 .bss._ticker_user_ops
                0x20000b54      0x23c subsys/built-in.o
 .bss._rand_context
                0x20000d90        0x8 subsys/built-in.o
 .bss.wl        0x20000d98       0x32 subsys/built-in.o
 *fill*         0x20000dca        0x2 
 .bss.ll_adv    0x20000dcc        0x8 subsys/built-in.o
 .bss._main_thread_s
                0x20000dd4       0x60 kernel/lib.a(init.o)
 .bss._idle_thread_s
                0x20000e34       0x60 kernel/lib.a(init.o)
 .bss._kernel   0x20000e94      0x120 kernel/lib.a(sched.o)
                0x20000e94                _kernel
 .bss._time_slice_prio_ceiling
                0x20000fb4        0x4 kernel/lib.a(sys_clock.o)
                0x20000fb4                _time_slice_prio_ceiling
 .bss._time_slice_duration
                0x20000fb8        0x4 kernel/lib.a(sys_clock.o)
                0x20000fb8                _time_slice_duration
 *(COMMON)
 COMMON         0x20000fbc       0xc8 subsys/built-in.o
                0x20000fbc                wl_anon
                0x20000fc0                bt_storage
                0x20000fc4                recv_thread_data
                0x20001024                prio_recv_thread_data
 *fill*         0x20001084        0x4 
 COMMON         0x20001088       0x10 kernel/lib.a(sys_clock.o)
                0x20001088                _handling_timeouts
                0x2000108c                _time_slice_elapsed
                0x20001090                _sys_clock_tick_count
 COMMON         0x20001098       0x74 kernel/lib.a(system_work_q.o)
                0x20001098                k_sys_work_q
                0x2000110c                __bss_end = ALIGN (0x4)

noinit          0x2000110c     0x1b28
 *(.noinit)
 *(.noinit.*)
 .noinit._FILE_PATH_HASH.1
                0x2000110c      0x4c8 subsys/built-in.o
 .noinit._FILE_PATH_HASH.0
                0x200015d4      0x440 subsys/built-in.o
 .noinit._FILE_PATH_HASH.2
                0x20001a14      0x120 subsys/built-in.o
 .noinit._FILE_PATH_HASH.0
                0x20001b34      0x400 kernel/lib.a(init.o)
                0x20001b34                _main_stack
 .noinit._FILE_PATH_HASH.1
                0x20001f34      0x100 kernel/lib.a(init.o)
                0x20001f34                _idle_stack
 .noinit._FILE_PATH_HASH.2
                0x20002034      0x800 kernel/lib.a(init.o)
                0x20002034                _interrupt_stack
 .noinit._FILE_PATH_HASH.0
                0x20002834      0x400 kernel/lib.a(system_work_q.o)
                0x20002834                sys_work_q_stack
                0x20002c34                _image_ram_end = .
                0x20002c34                _end = .

/DISCARD/
 *(.irq_info)
 *(.intList)
OUTPUT(zephyr.elf elf32-littlearm)

.debug_info     0x00000000    0x3c269
 .debug_info    0x00000000      0x650 isr_tables.o
 .debug_info    0x00000650      0xa32 src/built-in.o
 .debug_info    0x00001082     0x3e11 drivers/built-in.o
 .debug_info    0x00004e93     0x1ea9 lib/built-in.o
 .debug_info    0x00006d3c       0x37 misc/built-in.o
 .debug_info    0x00006d73    0x1fca9 subsys/built-in.o
 .debug_info    0x00026a1c     0x6cdf arch/built-in.o
 .debug_info    0x0002d6fb      0xbc9 kernel/lib.a(atomic_c.o)
 .debug_info    0x0002e2c4      0x7a0 kernel/lib.a(device.o)
 .debug_info    0x0002ea64      0x6bf kernel/lib.a(errno.o)
 .debug_info    0x0002f123      0x8fc kernel/lib.a(idle.o)
 .debug_info    0x0002fa1f      0xf53 kernel/lib.a(init.o)
 .debug_info    0x00030972     0x114a kernel/lib.a(mutex.o)
 .debug_info    0x00031abc     0x1512 kernel/lib.a(poll.o)
 .debug_info    0x00032fce     0x17aa kernel/lib.a(queue.o)
 .debug_info    0x00034778     0x1b2b kernel/lib.a(sched.o)
 .debug_info    0x000362a3     0x114b kernel/lib.a(sem.o)
 .debug_info    0x000373ee     0x1268 kernel/lib.a(sys_clock.o)
 .debug_info    0x00038656      0x6ea kernel/lib.a(system_work_q.o)
 .debug_info    0x00038d40     0x1c05 kernel/lib.a(thread.o)
 .debug_info    0x0003a945     0x1280 kernel/lib.a(work_q.o)
 .debug_info    0x0003bbc5      0x6a4 ./arch/arm/core/offsets/offsets.o

.debug_abbrev   0x00000000     0xb530
 .debug_abbrev  0x00000000      0x188 isr_tables.o
 .debug_abbrev  0x00000188      0x27d src/built-in.o
 .debug_abbrev  0x00000405      0xe8d drivers/built-in.o
 .debug_abbrev  0x00001292      0xbc6 lib/built-in.o
 .debug_abbrev  0x00001e58       0x2c misc/built-in.o
 .debug_abbrev  0x00001e84     0x3fa6 subsys/built-in.o
 .debug_abbrev  0x00005e2a     0x1df3 arch/built-in.o
 .debug_abbrev  0x00007c1d      0x288 kernel/lib.a(atomic_c.o)
 .debug_abbrev  0x00007ea5      0x273 kernel/lib.a(device.o)
 .debug_abbrev  0x00008118      0x1d8 kernel/lib.a(errno.o)
 .debug_abbrev  0x000082f0      0x333 kernel/lib.a(idle.o)
 .debug_abbrev  0x00008623      0x4a3 kernel/lib.a(init.o)
 .debug_abbrev  0x00008ac6      0x40e kernel/lib.a(mutex.o)
 .debug_abbrev  0x00008ed4      0x50a kernel/lib.a(poll.o)
 .debug_abbrev  0x000093de      0x491 kernel/lib.a(queue.o)
 .debug_abbrev  0x0000986f      0x5c0 kernel/lib.a(sched.o)
 .debug_abbrev  0x00009e2f      0x48e kernel/lib.a(sem.o)
 .debug_abbrev  0x0000a2bd      0x424 kernel/lib.a(sys_clock.o)
 .debug_abbrev  0x0000a6e1      0x1e5 kernel/lib.a(system_work_q.o)
 .debug_abbrev  0x0000a8c6      0x5de kernel/lib.a(thread.o)
 .debug_abbrev  0x0000aea4      0x4c7 kernel/lib.a(work_q.o)
 .debug_abbrev  0x0000b36b      0x1c5 ./arch/arm/core/offsets/offsets.o

.debug_aranges  0x00000000     0x17f0
 .debug_aranges
                0x00000000       0x18 isr_tables.o
 .debug_aranges
                0x00000018       0x20 src/built-in.o
 .debug_aranges
                0x00000038      0x128 drivers/built-in.o
 .debug_aranges
                0x00000160      0x228 lib/built-in.o
 .debug_aranges
                0x00000388       0x20 misc/built-in.o
 .debug_aranges
                0x000003a8      0xc38 subsys/built-in.o
 .debug_aranges
                0x00000fe0      0x2e8 arch/built-in.o
 .debug_aranges
                0x000012c8       0x78 kernel/lib.a(atomic_c.o)
 .debug_aranges
                0x00001340       0x30 kernel/lib.a(device.o)
 .debug_aranges
                0x00001370       0x20 kernel/lib.a(errno.o)
 .debug_aranges
                0x00001390       0x30 kernel/lib.a(idle.o)
 .debug_aranges
                0x000013c0       0x48 kernel/lib.a(init.o)
 .debug_aranges
                0x00001408       0x38 kernel/lib.a(mutex.o)
 .debug_aranges
                0x00001440       0x50 kernel/lib.a(poll.o)
 .debug_aranges
                0x00001490       0x88 kernel/lib.a(queue.o)
 .debug_aranges
                0x00001518       0xb8 kernel/lib.a(sched.o)
 .debug_aranges
                0x000015d0       0x50 kernel/lib.a(sem.o)
 .debug_aranges
                0x00001620       0x60 kernel/lib.a(sys_clock.o)
 .debug_aranges
                0x00001680       0x20 kernel/lib.a(system_work_q.o)
 .debug_aranges
                0x000016a0       0xe0 kernel/lib.a(thread.o)
 .debug_aranges
                0x00001780       0x50 kernel/lib.a(work_q.o)
 .debug_aranges
                0x000017d0       0x20 ./arch/arm/core/offsets/offsets.o

.debug_line     0x00000000     0xdb49
 .debug_line    0x00000000      0x105 isr_tables.o
 .debug_line    0x00000105      0x16f src/built-in.o
 .debug_line    0x00000274      0xcb9 drivers/built-in.o
 .debug_line    0x00000f2d      0xef7 lib/built-in.o
 .debug_line    0x00001e24       0xc4 misc/built-in.o
 .debug_line    0x00001ee8     0x63e5 subsys/built-in.o
 .debug_line    0x000082cd     0x1e98 arch/built-in.o
 .debug_line    0x0000a165      0x329 kernel/lib.a(atomic_c.o)
 .debug_line    0x0000a48e      0x199 kernel/lib.a(device.o)
 .debug_line    0x0000a627      0x1ab kernel/lib.a(errno.o)
 .debug_line    0x0000a7d2      0x2b3 kernel/lib.a(idle.o)
 .debug_line    0x0000aa85      0x419 kernel/lib.a(init.o)
 .debug_line    0x0000ae9e      0x3f9 kernel/lib.a(mutex.o)
 .debug_line    0x0000b297      0x4fe kernel/lib.a(poll.o)
 .debug_line    0x0000b795      0x595 kernel/lib.a(queue.o)
 .debug_line    0x0000bd2a      0x6f1 kernel/lib.a(sched.o)
 .debug_line    0x0000c41b      0x413 kernel/lib.a(sem.o)
 .debug_line    0x0000c82e      0x404 kernel/lib.a(sys_clock.o)
 .debug_line    0x0000cc32      0x12f kernel/lib.a(system_work_q.o)
 .debug_line    0x0000cd61      0x766 kernel/lib.a(thread.o)
 .debug_line    0x0000d4c7      0x483 kernel/lib.a(work_q.o)
 .debug_line    0x0000d94a      0x1ff ./arch/arm/core/offsets/offsets.o

.debug_str      0x00000000     0x8fa7
 .debug_str     0x00000000      0x4aa isr_tables.o
                                0x59e (size before relaxing)
 .debug_str     0x000004aa      0x1dd src/built-in.o
                                0x660 (size before relaxing)
 .debug_str     0x00000687      0xccd drivers/built-in.o
                               0x26d2 (size before relaxing)
 .debug_str     0x00001354      0x578 lib/built-in.o
                               0x15c3 (size before relaxing)
 .debug_str     0x000018cc       0x28 misc/built-in.o
                                0x19d (size before relaxing)
 .debug_str     0x000018f4     0x5b22 subsys/built-in.o
                               0xe8f4 (size before relaxing)
 .debug_str     0x00007416      0x725 arch/built-in.o
                               0x4b82 (size before relaxing)
 .debug_str     0x00007b3b       0x94 kernel/lib.a(atomic_c.o)
                                0x512 (size before relaxing)
 .debug_str     0x00007bcf       0xfc kernel/lib.a(device.o)
                                0x5dc (size before relaxing)
 .debug_str     0x00007ccb       0x30 kernel/lib.a(errno.o)
                                0x519 (size before relaxing)
 .debug_str     0x00007cfb       0xff kernel/lib.a(idle.o)
                                0x682 (size before relaxing)
 .debug_str     0x00007dfa      0x1a4 kernel/lib.a(init.o)
                                0xa08 (size before relaxing)
 .debug_str     0x00007f9e      0x292 kernel/lib.a(mutex.o)
                                0x8f6 (size before relaxing)
 .debug_str     0x00008230      0x250 kernel/lib.a(poll.o)
                                0xa7a (size before relaxing)
 .debug_str     0x00008480      0x12b kernel/lib.a(queue.o)
                                0xa23 (size before relaxing)
 .debug_str     0x000085ab      0x335 kernel/lib.a(sched.o)
                                0xb43 (size before relaxing)
 .debug_str     0x000088e0       0x70 kernel/lib.a(sem.o)
                                0x90a (size before relaxing)
 .debug_str     0x00008950      0x190 kernel/lib.a(sys_clock.o)
                                0x8f2 (size before relaxing)
 .debug_str     0x00008ae0       0xa6 kernel/lib.a(system_work_q.o)
                                0x561 (size before relaxing)
 .debug_str     0x00008b86      0x334 kernel/lib.a(thread.o)
                                0xc9d (size before relaxing)
 .debug_str     0x00008eba       0xab kernel/lib.a(work_q.o)
                                0x8ae (size before relaxing)
 .debug_str     0x00008f65       0x42 ./arch/arm/core/offsets/offsets.o
                                0x523 (size before relaxing)

.comment        0x00000000       0x6e
 .comment       0x00000000       0x6e isr_tables.o
                                 0x6f (size before relaxing)
 .comment       0x0000006e       0x6f src/built-in.o
 .comment       0x0000006e      0x22b drivers/built-in.o
 .comment       0x0000006e      0x456 lib/built-in.o
 .comment       0x0000006e       0x6f misc/built-in.o
 .comment       0x0000006e      0x91b subsys/built-in.o
 .comment       0x0000006e      0x5a3 arch/built-in.o
 .comment       0x0000006e       0x6f kernel/lib.a(atomic_c.o)
 .comment       0x0000006e       0x6f kernel/lib.a(device.o)
 .comment       0x0000006e       0x6f kernel/lib.a(errno.o)
 .comment       0x0000006e       0x6f kernel/lib.a(idle.o)
 .comment       0x0000006e       0x6f kernel/lib.a(init.o)
 .comment       0x0000006e       0x6f kernel/lib.a(mutex.o)
 .comment       0x0000006e       0x6f kernel/lib.a(poll.o)
 .comment       0x0000006e       0x6f kernel/lib.a(queue.o)
 .comment       0x0000006e       0x6f kernel/lib.a(sched.o)
 .comment       0x0000006e       0x6f kernel/lib.a(sem.o)
 .comment       0x0000006e       0x6f kernel/lib.a(sys_clock.o)
 .comment       0x0000006e       0x6f kernel/lib.a(system_work_q.o)
 .comment       0x0000006e       0x6f kernel/lib.a(thread.o)
 .comment       0x0000006e       0x6f kernel/lib.a(work_q.o)
 .comment       0x0000006e       0x6f ./arch/arm/core/offsets/offsets.o

.ARM.attributes
                0x00000000       0x2f
 .ARM.attributes
                0x00000000       0x31 isr_tables.o
 .ARM.attributes
                0x00000031       0x31 src/built-in.o
 .ARM.attributes
                0x00000062       0x31 drivers/built-in.o
 .ARM.attributes
                0x00000093       0x31 lib/built-in.o
 .ARM.attributes
                0x000000c4       0x31 misc/built-in.o
 .ARM.attributes
                0x000000f5       0x31 subsys/built-in.o
 .ARM.attributes
                0x00000126       0x2f arch/built-in.o
 .ARM.attributes
                0x00000155       0x31 kernel/lib.a(atomic_c.o)
 .ARM.attributes
                0x00000186       0x31 kernel/lib.a(device.o)
 .ARM.attributes
                0x000001b7       0x31 kernel/lib.a(errno.o)
 .ARM.attributes
                0x000001e8       0x31 kernel/lib.a(idle.o)
 .ARM.attributes
                0x00000219       0x31 kernel/lib.a(init.o)
 .ARM.attributes
                0x0000024a       0x31 kernel/lib.a(mutex.o)
 .ARM.attributes
                0x0000027b       0x31 kernel/lib.a(poll.o)
 .ARM.attributes
                0x000002ac       0x31 kernel/lib.a(queue.o)
 .ARM.attributes
                0x000002dd       0x31 kernel/lib.a(sched.o)
 .ARM.attributes
                0x0000030e       0x31 kernel/lib.a(sem.o)
 .ARM.attributes
                0x0000033f       0x31 kernel/lib.a(sys_clock.o)
 .ARM.attributes
                0x00000370       0x31 kernel/lib.a(system_work_q.o)
 .ARM.attributes
                0x000003a1       0x31 kernel/lib.a(thread.o)
 .ARM.attributes
                0x000003d2       0x31 kernel/lib.a(work_q.o)
 .ARM.attributes
                0x00000403       0x31 ./arch/arm/core/offsets/offsets.o
 .ARM.attributes
                0x00000434       0x1e /home/mrnam/gcc-arm-none-eabi-5_4-2016q3/bin/../lib/gcc/arm-none-eabi/5.4.1/armv6-m/libgcc.a(_thumb1_case_uqi.o)
 .ARM.attributes
                0x00000452       0x1e /home/mrnam/gcc-arm-none-eabi-5_4-2016q3/bin/../lib/gcc/arm-none-eabi/5.4.1/armv6-m/libgcc.a(_thumb1_case_uhi.o)
 .ARM.attributes
                0x00000470       0x1e /home/mrnam/gcc-arm-none-eabi-5_4-2016q3/bin/../lib/gcc/arm-none-eabi/5.4.1/armv6-m/libgcc.a(_udivsi3.o)
 .ARM.attributes
                0x0000048e       0x1e /home/mrnam/gcc-arm-none-eabi-5_4-2016q3/bin/../lib/gcc/arm-none-eabi/5.4.1/armv6-m/libgcc.a(_divsi3.o)
 .ARM.attributes
                0x000004ac       0x1e /home/mrnam/gcc-arm-none-eabi-5_4-2016q3/bin/../lib/gcc/arm-none-eabi/5.4.1/armv6-m/libgcc.a(_dvmd_tls.o)
 .ARM.attributes
                0x000004ca       0x1e /home/mrnam/gcc-arm-none-eabi-5_4-2016q3/bin/../lib/gcc/arm-none-eabi/5.4.1/armv6-m/libgcc.a(_aeabi_uldivmod.o)
 .ARM.attributes
                0x000004e8       0x2c /home/mrnam/gcc-arm-none-eabi-5_4-2016q3/bin/../lib/gcc/arm-none-eabi/5.4.1/armv6-m/libgcc.a(_muldi3.o)
 .ARM.attributes
                0x00000514       0x2c /home/mrnam/gcc-arm-none-eabi-5_4-2016q3/bin/../lib/gcc/arm-none-eabi/5.4.1/armv6-m/libgcc.a(_ffssi2.o)
 .ARM.attributes
                0x00000540       0x2c /home/mrnam/gcc-arm-none-eabi-5_4-2016q3/bin/../lib/gcc/arm-none-eabi/5.4.1/armv6-m/libgcc.a(_popcountsi2.o)
 .ARM.attributes
                0x0000056c       0x2c /home/mrnam/gcc-arm-none-eabi-5_4-2016q3/bin/../lib/gcc/arm-none-eabi/5.4.1/armv6-m/libgcc.a(_udivmoddi4.o)
 .ARM.attributes
                0x00000598       0x1e /home/mrnam/gcc-arm-none-eabi-5_4-2016q3/bin/../lib/gcc/arm-none-eabi/5.4.1/armv6-m/libgcc.a(_clzdi2.o)
 .ARM.attributes
                0x000005b6       0x1e /home/mrnam/gcc-arm-none-eabi-5_4-2016q3/bin/../lib/gcc/arm-none-eabi/5.4.1/armv6-m/libgcc.a(_ctzsi2.o)
 .ARM.attributes
                0x000005d4       0x1e /home/mrnam/gcc-arm-none-eabi-5_4-2016q3/bin/../lib/gcc/arm-none-eabi/5.4.1/armv6-m/libgcc.a(_clzsi2.o)

.debug_frame    0x00000000     0x37b0
 .debug_frame   0x00000000       0x30 src/built-in.o
 .debug_frame   0x00000030      0x29c drivers/built-in.o
 .debug_frame   0x000002cc      0x4a4 lib/built-in.o
 .debug_frame   0x00000770       0x20 misc/built-in.o
 .debug_frame   0x00000790     0x20ac subsys/built-in.o
 .debug_frame   0x0000283c      0x294 arch/built-in.o
 .debug_frame   0x00002ad0       0xdc kernel/lib.a(atomic_c.o)
 .debug_frame   0x00002bac       0x68 kernel/lib.a(device.o)
 .debug_frame   0x00002c14       0x20 kernel/lib.a(errno.o)
 .debug_frame   0x00002c34       0x64 kernel/lib.a(idle.o)
 .debug_frame   0x00002c98       0x98 kernel/lib.a(init.o)
 .debug_frame   0x00002d30       0x78 kernel/lib.a(mutex.o)
 .debug_frame   0x00002da8       0xcc kernel/lib.a(poll.o)
 .debug_frame   0x00002e74      0x164 kernel/lib.a(queue.o)
 .debug_frame   0x00002fd8      0x1dc kernel/lib.a(sched.o)
 .debug_frame   0x000031b4       0xa8 kernel/lib.a(sem.o)
 .debug_frame   0x0000325c       0xf4 kernel/lib.a(sys_clock.o)
 .debug_frame   0x00003350       0x28 kernel/lib.a(system_work_q.o)
 .debug_frame   0x00003378      0x248 kernel/lib.a(thread.o)
 .debug_frame   0x000035c0       0xd8 kernel/lib.a(work_q.o)
 .debug_frame   0x00003698       0x20 ./arch/arm/core/offsets/offsets.o
 .debug_frame   0x000036b8       0x20 /home/mrnam/gcc-arm-none-eabi-5_4-2016q3/bin/../lib/gcc/arm-none-eabi/5.4.1/armv6-m/libgcc.a(_udivsi3.o)
 .debug_frame   0x000036d8       0x20 /home/mrnam/gcc-arm-none-eabi-5_4-2016q3/bin/../lib/gcc/arm-none-eabi/5.4.1/armv6-m/libgcc.a(_divsi3.o)
 .debug_frame   0x000036f8       0x34 /home/mrnam/gcc-arm-none-eabi-5_4-2016q3/bin/../lib/gcc/arm-none-eabi/5.4.1/armv6-m/libgcc.a(_muldi3.o)
 .debug_frame   0x0000372c       0x28 /home/mrnam/gcc-arm-none-eabi-5_4-2016q3/bin/../lib/gcc/arm-none-eabi/5.4.1/armv6-m/libgcc.a(_ffssi2.o)
 .debug_frame   0x00003754       0x20 /home/mrnam/gcc-arm-none-eabi-5_4-2016q3/bin/../lib/gcc/arm-none-eabi/5.4.1/armv6-m/libgcc.a(_popcountsi2.o)
 .debug_frame   0x00003774       0x3c /home/mrnam/gcc-arm-none-eabi-5_4-2016q3/bin/../lib/gcc/arm-none-eabi/5.4.1/armv6-m/libgcc.a(_udivmoddi4.o)

.debug_loc      0x00000000    0x16c0a
 .debug_loc     0x00000000      0x101 src/built-in.o
 .debug_loc     0x00000101     0x115f drivers/built-in.o
 .debug_loc     0x00001260     0x2b35 lib/built-in.o
 .debug_loc     0x00003d95     0xe641 subsys/built-in.o
 .debug_loc     0x000123d6      0x4aa arch/built-in.o
 .debug_loc     0x00012880      0x277 kernel/lib.a(atomic_c.o)
 .debug_loc     0x00012af7       0x94 kernel/lib.a(device.o)
 .debug_loc     0x00012b8b       0xaa kernel/lib.a(idle.o)
 .debug_loc     0x00012c35      0x107 kernel/lib.a(init.o)
 .debug_loc     0x00012d3c      0x3da kernel/lib.a(mutex.o)
 .debug_loc     0x00013116      0x69e kernel/lib.a(poll.o)
 .debug_loc     0x000137b4      0x9ac kernel/lib.a(queue.o)
 .debug_loc     0x00014160      0xddc kernel/lib.a(sched.o)
 .debug_loc     0x00014f3c      0x527 kernel/lib.a(sem.o)
 .debug_loc     0x00015463      0x51f kernel/lib.a(sys_clock.o)
 .debug_loc     0x00015982       0x21 kernel/lib.a(system_work_q.o)
 .debug_loc     0x000159a3      0xadc kernel/lib.a(thread.o)
 .debug_loc     0x0001647f      0x78b kernel/lib.a(work_q.o)

.debug_ranges   0x00000000     0x2da8
 .debug_ranges  0x00000000       0x40 src/built-in.o
 .debug_ranges  0x00000040      0x160 drivers/built-in.o
 .debug_ranges  0x000001a0      0x2b8 lib/built-in.o
 .debug_ranges  0x00000458       0x10 misc/built-in.o
 .debug_ranges  0x00000468     0x18f8 subsys/built-in.o
 .debug_ranges  0x00001d60      0x1f8 arch/built-in.o
 .debug_ranges  0x00001f58       0x68 kernel/lib.a(atomic_c.o)
 .debug_ranges  0x00001fc0       0x20 kernel/lib.a(device.o)
 .debug_ranges  0x00001fe0       0x10 kernel/lib.a(errno.o)
 .debug_ranges  0x00001ff0       0x68 kernel/lib.a(idle.o)
 .debug_ranges  0x00002058       0xc0 kernel/lib.a(init.o)
 .debug_ranges  0x00002118       0xc0 kernel/lib.a(mutex.o)
 .debug_ranges  0x000021d8      0x150 kernel/lib.a(poll.o)
 .debug_ranges  0x00002328      0x228 kernel/lib.a(queue.o)
 .debug_ranges  0x00002550      0x2a8 kernel/lib.a(sched.o)
 .debug_ranges  0x000027f8      0x118 kernel/lib.a(sem.o)
 .debug_ranges  0x00002910      0x128 kernel/lib.a(sys_clock.o)
 .debug_ranges  0x00002a38       0x10 kernel/lib.a(system_work_q.o)
 .debug_ranges  0x00002a48      0x218 kernel/lib.a(thread.o)
 .debug_ranges  0x00002c60      0x138 kernel/lib.a(work_q.o)
 .debug_ranges  0x00002d98       0x10 ./arch/arm/core/offsets/offsets.o
