Archive member included to satisfy reference by file (symbol)

src/built-in.o                (--whole-archive)
lib/built-in.o                (--whole-archive)
kernel/built-in.o             (--whole-archive)
drivers/built-in.o            (--whole-archive)
misc/built-in.o               (--whole-archive)
boards/built-in.o             (--whole-archive)
ext/built-in.o                (--whole-archive)
subsys/built-in.o             (--whole-archive)
arch/built-in.o               (--whole-archive)
kernel/lib.a(atomic_c.o)      subsys/built-in.o (atomic_inc)
kernel/lib.a(device.o)        src/built-in.o (device_get_binding)
kernel/lib.a(errno.o)         lib/built-in.o (__errno)
kernel/lib.a(idle.o)          arch/built-in.o (_sys_power_save_idle_exit)
kernel/lib.a(init.o)          subsys/built-in.o (k_call_stacks_analyze)
kernel/lib.a(mutex.o)         subsys/built-in.o (k_mutex_lock)
kernel/lib.a(poll.o)          subsys/built-in.o (k_poll_event_init)
kernel/lib.a(queue.o)         subsys/built-in.o (k_queue_init)
kernel/lib.a(sched.o)         kernel/lib.a(init.o) (_add_thread_to_ready_q)
kernel/lib.a(sem.o)           subsys/built-in.o (k_sem_init)
kernel/lib.a(sys_clock.o)     drivers/built-in.o (_sys_clock_tick_count)
kernel/lib.a(system_work_q.o)
                              subsys/built-in.o (k_sys_work_q)
kernel/lib.a(thread.o)        arch/built-in.o (k_is_in_isr)
kernel/lib.a(work_q.o)        kernel/lib.a(system_work_q.o) (k_work_q_start)
/home/mrnam/gcc-arm-none-eabi-5_4-2016q3/bin/../lib/gcc/arm-none-eabi/5.4.1/armv6-m/libgcc.a(_thumb1_case_uqi.o)
                              src/built-in.o (__gnu_thumb1_case_uqi)
/home/mrnam/gcc-arm-none-eabi-5_4-2016q3/bin/../lib/gcc/arm-none-eabi/5.4.1/armv6-m/libgcc.a(_thumb1_case_shi.o)
                              subsys/built-in.o (__gnu_thumb1_case_shi)
/home/mrnam/gcc-arm-none-eabi-5_4-2016q3/bin/../lib/gcc/arm-none-eabi/5.4.1/armv6-m/libgcc.a(_thumb1_case_uhi.o)
                              subsys/built-in.o (__gnu_thumb1_case_uhi)
/home/mrnam/gcc-arm-none-eabi-5_4-2016q3/bin/../lib/gcc/arm-none-eabi/5.4.1/armv6-m/libgcc.a(_udivsi3.o)
                              lib/built-in.o (__aeabi_uidiv)
/home/mrnam/gcc-arm-none-eabi-5_4-2016q3/bin/../lib/gcc/arm-none-eabi/5.4.1/armv6-m/libgcc.a(_divsi3.o)
                              lib/built-in.o (__aeabi_idiv)
/home/mrnam/gcc-arm-none-eabi-5_4-2016q3/bin/../lib/gcc/arm-none-eabi/5.4.1/armv6-m/libgcc.a(_dvmd_tls.o)
                              /home/mrnam/gcc-arm-none-eabi-5_4-2016q3/bin/../lib/gcc/arm-none-eabi/5.4.1/armv6-m/libgcc.a(_udivsi3.o) (__aeabi_idiv0)
/home/mrnam/gcc-arm-none-eabi-5_4-2016q3/bin/../lib/gcc/arm-none-eabi/5.4.1/armv6-m/libgcc.a(_lshrdi3.o)
                              lib/built-in.o (__aeabi_llsr)
/home/mrnam/gcc-arm-none-eabi-5_4-2016q3/bin/../lib/gcc/arm-none-eabi/5.4.1/armv6-m/libgcc.a(_ashldi3.o)
                              lib/built-in.o (__aeabi_llsl)
/home/mrnam/gcc-arm-none-eabi-5_4-2016q3/bin/../lib/gcc/arm-none-eabi/5.4.1/armv6-m/libgcc.a(_aeabi_uldivmod.o)
                              subsys/built-in.o (__aeabi_uldivmod)
/home/mrnam/gcc-arm-none-eabi-5_4-2016q3/bin/../lib/gcc/arm-none-eabi/5.4.1/armv6-m/libgcc.a(_muldi3.o)
                              lib/built-in.o (__aeabi_lmul)
/home/mrnam/gcc-arm-none-eabi-5_4-2016q3/bin/../lib/gcc/arm-none-eabi/5.4.1/armv6-m/libgcc.a(_ffssi2.o)
                              drivers/built-in.o (__ffssi2)
/home/mrnam/gcc-arm-none-eabi-5_4-2016q3/bin/../lib/gcc/arm-none-eabi/5.4.1/armv6-m/libgcc.a(_popcountsi2.o)
                              drivers/built-in.o (__popcountsi2)
/home/mrnam/gcc-arm-none-eabi-5_4-2016q3/bin/../lib/gcc/arm-none-eabi/5.4.1/armv6-m/libgcc.a(_udivmoddi4.o)
                              /home/mrnam/gcc-arm-none-eabi-5_4-2016q3/bin/../lib/gcc/arm-none-eabi/5.4.1/armv6-m/libgcc.a(_aeabi_uldivmod.o) (__udivmoddi4)
/home/mrnam/gcc-arm-none-eabi-5_4-2016q3/bin/../lib/gcc/arm-none-eabi/5.4.1/armv6-m/libgcc.a(_clzdi2.o)
                              /home/mrnam/gcc-arm-none-eabi-5_4-2016q3/bin/../lib/gcc/arm-none-eabi/5.4.1/armv6-m/libgcc.a(_udivmoddi4.o) (__clzdi2)
/home/mrnam/gcc-arm-none-eabi-5_4-2016q3/bin/../lib/gcc/arm-none-eabi/5.4.1/armv6-m/libgcc.a(_ctzsi2.o)
                              /home/mrnam/gcc-arm-none-eabi-5_4-2016q3/bin/../lib/gcc/arm-none-eabi/5.4.1/armv6-m/libgcc.a(_ffssi2.o) (__ctzsi2)
/home/mrnam/gcc-arm-none-eabi-5_4-2016q3/bin/../lib/gcc/arm-none-eabi/5.4.1/armv6-m/libgcc.a(_clzsi2.o)
                              /home/mrnam/gcc-arm-none-eabi-5_4-2016q3/bin/../lib/gcc/arm-none-eabi/5.4.1/armv6-m/libgcc.a(_clzdi2.o) (__clzsi2)

Allocating common symbols
Common symbol       size              file

rpa_last_ms         0x8               subsys/built-in.o
_sys_pm_idle_exit_notify
                    0x1               kernel/lib.a(idle.o)
wl_anon             0x1               subsys/built-in.o
bt_storage          0x4               subsys/built-in.o
[...]
Memory Configuration

Name             Origin             Length             Attributes
FLASH            0x00000000         0x00040000         xr
SRAM             0x20000000         0x00008000         xw
IDT_LIST         0x20008000         0x00000800         xw
*default*        0x00000000         0xffffffff

Linker script and memory map

LOAD isr_tables.o
START GROUP
LOAD libapplication.a
LOAD libzephyr.a
LOAD kernel/lib.a
LOAD ./arch/arm/core/offsets/offsets.o
END GROUP
LOAD /home/mrnam/gcc-arm-none-eabi-5_4-2016q3/bin/../lib/gcc/arm-none-eabi/5.4.1/armv6-m/libgcc.a
                0x00000000                _image_rom_start = 0x0

text            0x00000000    0x11fca
                0x00000000                . = 0x0
 *(.exc_vector_table)
 *(.exc_vector_table.*)
 .exc_vector_table._vector_table_section
                0x00000000       0x40 arch/built-in.o
                0x00000000                _vector_table
 *(.gnu.linkonce.irq_vector_table)
 .gnu.linkonce.irq_vector_table
                0x00000040       0x68 isr_tables.o
                0x00000040                _irq_vector_table
 *(.openocd_dbg)
 *(.openocd_dbg.*)
 *(.kinetis_flash_config)
 *(.kinetis_flash_config.*)
 *(.gnu.linkonce.sw_isr_table)
 .gnu.linkonce.sw_isr_table
                0x000000a8       0xd0 isr_tables.o
                0x000000a8                _sw_isr_table
                0x00000178                _image_text_start = .
 *(.text)
 .text          0x00000178       0x14 /home/mrnam/gcc-arm-none-eabi-5_4-2016q3/bin/../lib/gcc/arm-none-eabi/5.4.1/armv6-m/libgcc.a(_thumb1_case_uqi.o)
                0x00000178                __gnu_thumb1_case_uqi
 .text          0x0000018c       0x14 /home/mrnam/gcc-arm-none-eabi-5_4-2016q3/bin/../lib/gcc/arm-none-eabi/5.4.1/armv6-m/libgcc.a(_thumb1_case_shi.o)
                0x0000018c                __gnu_thumb1_case_shi
 .text          0x000001a0       0x14 /home/mrnam/gcc-arm-none-eabi-5_4-2016q3/bin/../lib/gcc/arm-none-eabi/5.4.1/armv6-m/libgcc.a(_thumb1_case_uhi.o)
                0x000001a0                __gnu_thumb1_case_uhi
 .text          0x000001b4      0x114 /home/mrnam/gcc-arm-none-eabi-5_4-2016q3/bin/../lib/gcc/arm-none-eabi/5.4.1/armv6-m/libgcc.a(_udivsi3.o)
                0x000001b4                __udivsi3
                0x000001b4                __aeabi_uidiv
                0x000002c0                __aeabi_uidivmod
 .text          0x000002c8      0x1d4 /home/mrnam/gcc-arm-none-eabi-5_4-2016q3/bin/../lib/gcc/arm-none-eabi/5.4.1/armv6-m/libgcc.a(_divsi3.o)
                0x000002c8                __aeabi_idiv
                0x000002c8                __divsi3
                0x00000494                __aeabi_idivmod
 .text          0x0000049c        0x4 /home/mrnam/gcc-arm-none-eabi-5_4-2016q3/bin/../lib/gcc/arm-none-eabi/5.4.1/armv6-m/libgcc.a(_dvmd_tls.o)
                0x0000049c                __aeabi_ldiv0
                0x0000049c                __aeabi_idiv0
 .text          0x000004a0       0x40 /home/mrnam/gcc-arm-none-eabi-5_4-2016q3/bin/../lib/gcc/arm-none-eabi/5.4.1/armv6-m/libgcc.a(_aeabi_uldivmod.o)
                0x000004a0                __aeabi_uldivmod
 .text          0x000004e0       0x58 /home/mrnam/gcc-arm-none-eabi-5_4-2016q3/bin/../lib/gcc/arm-none-eabi/5.4.1/armv6-m/libgcc.a(_muldi3.o)
                0x000004e0                __aeabi_lmul
                0x000004e0                __muldi3
 .text          0x00000538       0x14 /home/mrnam/gcc-arm-none-eabi-5_4-2016q3/bin/../lib/gcc/arm-none-eabi/5.4.1/armv6-m/libgcc.a(_ffssi2.o)
                0x00000538                __ffssi2
 .text          0x0000054c       0x34 /home/mrnam/gcc-arm-none-eabi-5_4-2016q3/bin/../lib/gcc/arm-none-eabi/5.4.1/armv6-m/libgcc.a(_popcountsi2.o)
                0x0000054c                __popcountsi2
 .text          0x00000580      0x180 /home/mrnam/gcc-arm-none-eabi-5_4-2016q3/bin/../lib/gcc/arm-none-eabi/5.4.1/armv6-m/libgcc.a(_udivmoddi4.o)
                0x00000580                __udivmoddi4
 .text          0x00000700       0x18 /home/mrnam/gcc-arm-none-eabi-5_4-2016q3/bin/../lib/gcc/arm-none-eabi/5.4.1/armv6-m/libgcc.a(_clzdi2.o)
                0x00000700                __clzdi2
 .text          0x00000718       0x40 /home/mrnam/gcc-arm-none-eabi-5_4-2016q3/bin/../lib/gcc/arm-none-eabi/5.4.1/armv6-m/libgcc.a(_ctzsi2.o)
                0x00000718                __ctzsi2
 .text          0x00000758       0x3c /home/mrnam/gcc-arm-none-eabi-5_4-2016q3/bin/../lib/gcc/arm-none-eabi/5.4.1/armv6-m/libgcc.a(_clzsi2.o)
                0x00000758                __clzsi2
 *(.text.*)
 .text.gpio_pin_write
                0x00000794       0x10 src/built-in.o
 .text.control_motor
                0x000007a4       0x68 src/built-in.o
 .text.disconnected
                0x0000080c       0x24 src/built-in.o
 .text.relay4_callback
                0x00000830       0x58 src/built-in.o
 .text.relay3_callback
                0x00000888       0x58 src/built-in.o
 .text.relay2_callback
                0x000008e0       0x58 src/built-in.o
 .text.relay1_callback
                0x00000938       0x58 src/built-in.o
 .text.motion_callback
                0x00000990       0x98 src/built-in.o
 .text.connected
                0x00000a28       0x30 src/built-in.o
 .text.bt_ready
                0x00000a58       0x74 src/built-in.o
 .text.gpio_pin_configure.constprop.2
                0x00000acc       0x10 src/built-in.o
 .text.main     0x00000adc      0x10c src/built-in.o
                0x00000adc                main
 .text.strcpy   0x00000be8       0x12 lib/built-in.o
                0x00000be8                strcpy
 .text.strlen   0x00000bfa       0x12 lib/built-in.o
                0x00000bfa                strlen
 .text.strcmp   0x00000c0c       0x18 lib/built-in.o
                0x00000c0c                strcmp
 .text.memcmp   0x00000c24       0x2a lib/built-in.o
                0x00000c24                memcmp
 .text.memcpy   0x00000c4e       0x54 lib/built-in.o
                0x00000c4e                memcpy
 .text.memset   0x00000ca2       0x4a lib/built-in.o
                0x00000ca2                memset
 .text.console_out
                0x00000cec       0x28 drivers/built-in.o
 .text.uart_console_hook_install
                0x00000d14       0x10 drivers/built-in.o
                0x00000d14                uart_console_hook_install
 .text.uart_console_init
                0x00000d24       0x1c drivers/built-in.o
 .text.uart_nrf5_poll_in
                0x00000d40       0x24 drivers/built-in.o
 .text.uart_nrf5_poll_out
                0x00000d64       0x20 drivers/built-in.o
 .text.uart_nrf5_err_check
                0x00000d84       0x20 drivers/built-in.o
 .text.uart_nrf5_init
                0x00000da4       0x80 drivers/built-in.o
 .text.rtc_compare_set
                0x00000e24       0x34 drivers/built-in.o
 .text.rtc_announce_set_next
                0x00000e58       0x64 drivers/built-in.o
 .text.rtc1_nrf5_isr
                0x00000ebc       0x14 drivers/built-in.o
 .text._timer_idle_enter
                0x00000ed0       0x2c drivers/built-in.o
                0x00000ed0                _timer_idle_enter
 .text._timer_idle_exit
                0x00000efc       0x2c drivers/built-in.o
                0x00000efc                _timer_idle_exit
 .text._sys_clock_driver_init
                0x00000f28       0x84 drivers/built-in.o
                0x00000f28                _sys_clock_driver_init
 .text.gpiote_find_channel
                0x00000fac       0x36 drivers/built-in.o
 .text.gpio_nrf5_read
                0x00000fe2       0x20 drivers/built-in.o
 *fill*         0x00001002        0x2 
 .text.gpio_nrf5_write
                0x00001004       0x30 drivers/built-in.o
 .text.gpio_nrf5_manage_callback
                0x00001034       0x4c drivers/built-in.o
 .text.gpio_nrf5_enable_callback
                0x00001080       0x42 drivers/built-in.o
 .text.gpio_nrf5_disable_callback
                0x000010c2       0x3c drivers/built-in.o
 .text.gpio_nrf5_P0_init
                0x000010fe       0x16 drivers/built-in.o
 .text.gpio_nrf5_port_isr
                0x00001114       0x6a drivers/built-in.o
 *fill*         0x0000117e        0x2 
 .text.gpio_nrf5_config
                0x00001180      0x104 drivers/built-in.o
 .text._m16src_stop
                0x00001284       0x68 drivers/built-in.o
 .text._clock_control_init
                0x000012ec       0x16 drivers/built-in.o
 *fill*         0x00001302        0x2 
 .text._m16src_start
                0x00001304       0xc4 drivers/built-in.o
 .text._power_clock_isr
                0x000013c8       0xa0 drivers/built-in.o
 .text._k32src_start
                0x00001468       0xc8 drivers/built-in.o
 .text._nop_char_out
                0x00001530        0x4 misc/built-in.o
 .text.char_out
                0x00001534       0x14 misc/built-in.o
 .text._printk_dec_ulong
                0x00001548       0xb0 misc/built-in.o
 .text.str_out  0x000015f8       0x2c misc/built-in.o
 .text.__printk_hook_install
                0x00001624        0xc misc/built-in.o
                0x00001624                __printk_hook_install
 .text._vprintk
                0x00001630      0x248 misc/built-in.o
                0x00001630                _vprintk
 .text.vprintk  0x00001878       0x1c misc/built-in.o
                0x00001878                vprintk
 .text.printk   0x00001894       0x16 misc/built-in.o
                0x00001894                printk
 *fill*         0x000018aa        0x2 
 .text.snprintk
                0x000018ac       0x38 misc/built-in.o
                0x000018ac                snprintk
 .text._ConfigAbsSyms
                0x000018e4        0x2 misc/built-in.o
                0x000018e4                _ConfigAbsSyms
 *fill*         0x000018e6        0x2 
 .text.bt_hex   0x000018e8       0x64 subsys/built-in.o
                0x000018e8                bt_hex
 .text.bt_rpa_create
                0x0000194c       0x56 subsys/built-in.o
                0x0000194c                bt_rpa_create
 *fill*         0x000019a2        0x2 
 .text.uuid_to_uuid128
                0x000019a4       0x54 subsys/built-in.o
 .text.bt_uuid_cmp
                0x000019f8       0x58 subsys/built-in.o
                0x000019f8                bt_uuid_cmp
 .text.net_buf_user_data
                0x00001a50        0xc subsys/built-in.o
 .text.ver_str  0x00001a5c       0x34 subsys/built-in.o
 .text.atomic_test_bit
                0x00001a90       0x1a subsys/built-in.o
 *fill*         0x00001aaa        0x2 
 .text.update_conn_param
                0x00001aac       0x20 subsys/built-in.o
 .text.hci_cmd_done
                0x00001acc       0x9c subsys/built-in.o
 .text.bt_hci_cmd_create
                0x00001b68       0x4c subsys/built-in.o
                0x00001b68                bt_hci_cmd_create
 .text.bt_hci_cmd_send_sync
                0x00001bb4       0x78 subsys/built-in.o
                0x00001bb4                bt_hci_cmd_send_sync
 .text.set_random_address
                0x00001c2c       0x5c subsys/built-in.o
 .text.le_set_private_addr
                0x00001c88       0x22 subsys/built-in.o
 *fill*         0x00001caa        0x2 
 .text.bt_hci_stop_scanning
                0x00001cac       0x80 subsys/built-in.o
 .text.set_advertise_enable
                0x00001d2c       0x58 subsys/built-in.o
 .text.set_ad   0x00001d84       0x88 subsys/built-in.o
 .text.bt_le_conn_params_valid
                0x00001e0c       0x48 subsys/built-in.o
                0x00001e0c                bt_le_conn_params_valid
 .text.bt_le_scan_update
                0x00001e54       0x2c subsys/built-in.o
                0x00001e54                bt_le_scan_update
 .text.bt_addr_le_create_static
                0x00001e80       0x20 subsys/built-in.o
                0x00001e80                bt_addr_le_create_static
 .text.bt_init  0x00001ea0      0x640 subsys/built-in.o
 .text.init_work
                0x000024e0       0x18 subsys/built-in.o
 .text.bt_send  0x000024f8       0x14 subsys/built-in.o
                0x000024f8                bt_send
 .text.bt_hci_cmd_send
                0x0000250c       0x7c subsys/built-in.o
                0x0000250c                bt_hci_cmd_send
 .text.hci_le_set_phy.isra.23
                0x00002588       0x44 subsys/built-in.o
 .text.hci_le_set_data_len.isra.24
                0x000025cc       0x6c subsys/built-in.o
 .text.le_conn_param_neg_reply
                0x00002638       0x38 subsys/built-in.o
 .text.hci_tx_thread
                0x00002670      0x198 subsys/built-in.o
 .text.bt_recv  0x00002808      0x8cc subsys/built-in.o
                0x00002808                bt_recv
 .text.bt_recv_prio
                0x000030d4      0x1fc subsys/built-in.o
                0x000030d4                bt_recv_prio
 .text.bt_hci_driver_register
                0x000032d0       0x2c subsys/built-in.o
                0x000032d0                bt_hci_driver_register
 .text.bt_enable
                0x000032fc       0xec subsys/built-in.o
                0x000032fc                bt_enable
 .text.bt_addr_le_is_bonded
                0x000033e8        0x4 subsys/built-in.o
                0x000033e8                bt_addr_le_is_bonded
 .text.bt_le_adv_start
                0x000033ec      0x154 subsys/built-in.o
                0x000033ec                bt_le_adv_start
 .text.bt_buf_get_rx
                0x00003540       0x24 subsys/built-in.o
                0x00003540                bt_buf_get_rx
 .text.bt_buf_get_cmd_complete
                0x00003564       0x44 subsys/built-in.o
                0x00003564                bt_buf_get_cmd_complete
 .text.notify_connected
                0x000035a8       0x28 subsys/built-in.o
 .text.bt_conn_reset_rx_state
                0x000035d0       0x18 subsys/built-in.o
 .text.conn_cleanup
                0x000035e8       0x28 subsys/built-in.o
 .text.bt_conn_get_pkts
                0x00003610        0x8 subsys/built-in.o
                0x00003610                bt_conn_get_pkts
 .text.notify_le_param_updated
                0x00003618       0x34 subsys/built-in.o
                0x00003618                notify_le_param_updated
 .text.le_param_req
                0x0000364c       0x44 subsys/built-in.o
                0x0000364c                le_param_req
 .text.bt_conn_cb_register
                0x00003690       0x10 subsys/built-in.o
                0x00003690                bt_conn_cb_register
 .text.bt_conn_recv
                0x000036a0      0x14c subsys/built-in.o
                0x000036a0                bt_conn_recv
 .text.bt_conn_send_cb
                0x000037ec       0x90 subsys/built-in.o
                0x000037ec                bt_conn_send_cb
 .text.bt_conn_notify_tx
                0x0000387c       0x38 subsys/built-in.o
                0x0000387c                bt_conn_notify_tx
 .text.send_frag
                0x000038b4      0x138 subsys/built-in.o
 .text.bt_conn_prepare_events
                0x000039ec       0x80 subsys/built-in.o
                0x000039ec                bt_conn_prepare_events
 .text.bt_conn_add_le
                0x00003a6c       0x60 subsys/built-in.o
                0x00003a6c                bt_conn_add_le
 .text.bt_conn_set_state
                0x00003acc      0x174 subsys/built-in.o
                0x00003acc                bt_conn_set_state
 .text.bt_conn_lookup_handle
                0x00003c40       0x38 subsys/built-in.o
                0x00003c40                bt_conn_lookup_handle
 .text.bt_conn_addr_le_cmp
                0x00003c78       0x2e subsys/built-in.o
                0x00003c78                bt_conn_addr_le_cmp
 *fill*         0x00003ca6        0x2 
 .text.bt_conn_lookup_addr_le
                0x00003ca8       0x38 subsys/built-in.o
                0x00003ca8                bt_conn_lookup_addr_le
 .text.bt_conn_lookup_state_le
                0x00003ce0       0x48 subsys/built-in.o
                0x00003ce0                bt_conn_lookup_state_le
 .text.bt_conn_unref
                0x00003d28        0xa subsys/built-in.o
                0x00003d28                bt_conn_unref
 *fill*         0x00003d32        0x2 
 .text.bt_conn_le_conn_update
                0x00003d34       0x60 subsys/built-in.o
                0x00003d34                bt_conn_le_conn_update
 .text.bt_conn_le_param_update
                0x00003d94       0x74 subsys/built-in.o
                0x00003d94                bt_conn_le_param_update
 .text.le_conn_update
                0x00003e08       0x30 subsys/built-in.o
 .text.bt_conn_create_pdu
                0x00003e38       0x24 subsys/built-in.o
                0x00003e38                bt_conn_create_pdu
 .text.create_frag.isra.6
                0x00003e5c       0x6c subsys/built-in.o
 .text.bt_conn_process_tx
                0x00003ec8       0xcc subsys/built-in.o
                0x00003ec8                bt_conn_process_tx
 .text.bt_conn_init
                0x00003f94       0x3c subsys/built-in.o
                0x00003f94                bt_conn_init
 .text.l2cap_disconnected
                0x00003fd0        0x2 subsys/built-in.o
 *fill*         0x00003fd2        0x2 
 .text.l2cap_accept
                0x00003fd4       0x54 subsys/built-in.o
 .text.l2cap_connected
                0x00004028        0x2 subsys/built-in.o
 *fill*         0x0000402a        0x2 
 .text.bt_l2cap_le_fixed_chan_register
                0x0000402c       0x20 subsys/built-in.o
                0x0000402c                bt_l2cap_le_fixed_chan_register
 .text.bt_l2cap_chan_remove
                0x0000404c       0x4c subsys/built-in.o
                0x0000404c                bt_l2cap_chan_remove
 .text.bt_l2cap_chan_del
                0x00004098       0x24 subsys/built-in.o
                0x00004098                bt_l2cap_chan_del
 .text.l2cap_rtx_timeout
                0x000040bc       0x44 subsys/built-in.o
 .text.bt_l2cap_connected
                0x00004100       0x74 subsys/built-in.o
                0x00004100                bt_l2cap_connected
 .text.bt_l2cap_disconnected
                0x00004174       0x36 subsys/built-in.o
                0x00004174                bt_l2cap_disconnected
 .text.bt_l2cap_create_pdu
                0x000041aa        0xa subsys/built-in.o
                0x000041aa                bt_l2cap_create_pdu
 .text.bt_l2cap_send_cb
                0x000041b4       0x32 subsys/built-in.o
                0x000041b4                bt_l2cap_send_cb
 *fill*         0x000041e6        0x2 
 .text.l2cap_recv
                0x000041e8      0x11c subsys/built-in.o
 .text.bt_l2cap_le_lookup_tx_cid
                0x00004304       0x24 subsys/built-in.o
                0x00004304                bt_l2cap_le_lookup_tx_cid
 .text.bt_l2cap_le_lookup_rx_cid
                0x00004328       0x20 subsys/built-in.o
                0x00004328                bt_l2cap_le_lookup_rx_cid
 .text.bt_l2cap_recv
                0x00004348       0x90 subsys/built-in.o
                0x00004348                bt_l2cap_recv
 .text.bt_l2cap_update_conn_param
                0x000043d8       0x7c subsys/built-in.o
                0x000043d8                bt_l2cap_update_conn_param
 .text.bt_l2cap_init
                0x00004454       0x10 subsys/built-in.o
                0x00004454                bt_l2cap_init
 .text.att_op_get_type
                0x00004464       0x2c subsys/built-in.o
 .text.bt_att_accept
                0x00004490       0x6c subsys/built-in.o
 .text.att_req_destroy
                0x000044fc       0x24 subsys/built-in.o
 .text.att_notify
                0x00004520        0xe subsys/built-in.o
 .text.find_info_cb
                0x0000452e       0xb0 subsys/built-in.o
 *fill*         0x000045de        0x2 
 .text.read_group_cb
                0x000045e0       0xec subsys/built-in.o
 .text.find_type_cb
                0x000046cc       0xb8 subsys/built-in.o
 .text.bt_att_connected
                0x00004784       0x34 subsys/built-in.o
 .text.check_perm.isra.3
                0x000047b8       0x3e subsys/built-in.o
 .text.read_type_cb
                0x000047f6       0xc6 subsys/built-in.o
 .text.uuid_create
                0x000048bc       0x34 subsys/built-in.o
 .text.att_req_sent
                0x000048f0       0x30 subsys/built-in.o
 .text.att_is_connected
                0x00004920       0x1c subsys/built-in.o
 .text.att_pdu_sent
                0x0000493c       0x10 subsys/built-in.o
 .text.att_chan_get
                0x0000494c       0x8c subsys/built-in.o
 .text.att_rsp_sent
                0x000049d8       0x1e subsys/built-in.o
 .text.att_cfm_sent
                0x000049f6       0x1e subsys/built-in.o
 .text.write_cb
                0x00004a14       0x4c subsys/built-in.o
 .text.att_send_req
                0x00004a60       0xa8 subsys/built-in.o
 .text.att_handle_rsp
                0x00004b08       0xa4 subsys/built-in.o
 .text.att_confirm
                0x00004bac        0xe subsys/built-in.o
 .text.att_handle_exec_write_rsp
                0x00004bba        0x8 subsys/built-in.o
 .text.att_handle_prepare_write_rsp
                0x00004bc2        0x8 subsys/built-in.o
 .text.att_handle_write_rsp
                0x00004bca        0x8 subsys/built-in.o
 .text.att_handle_read_mult_rsp
                0x00004bd2        0x8 subsys/built-in.o
 .text.att_handle_read_blob_rsp
                0x00004bda        0x8 subsys/built-in.o
 .text.att_handle_read_rsp
                0x00004be2        0x8 subsys/built-in.o
 .text.att_handle_read_type_rsp
                0x00004bea        0x8 subsys/built-in.o
 .text.att_handle_find_type_rsp
                0x00004bf2        0x8 subsys/built-in.o
 .text.att_handle_find_info_rsp
                0x00004bfa        0x8 subsys/built-in.o
 .text.att_mtu_rsp
                0x00004c02       0x38 subsys/built-in.o
 .text.att_error_rsp
                0x00004c3a       0x30 subsys/built-in.o
 .text.att_reset
                0x00004c6a       0x86 subsys/built-in.o
 .text.bt_att_disconnected
                0x00004cf0       0x1a subsys/built-in.o
 *fill*         0x00004d0a        0x2 
 .text.att_timeout
                0x00004d0c       0x44 subsys/built-in.o
 .text.prep_write_cb
                0x00004d50       0x88 subsys/built-in.o
 .text.read_cb  0x00004dd8       0x72 subsys/built-in.o
 *fill*         0x00004e4a        0x2 
 .text.bt_att_create_pdu
                0x00004e4c       0x68 subsys/built-in.o
                0x00004e4c                bt_att_create_pdu
 .text.att_indicate
                0x00004eb4       0x2c subsys/built-in.o
 .text.att_mtu_req
                0x00004ee0       0x54 subsys/built-in.o
 .text.send_err_rsp.part.11
                0x00004f34       0x40 subsys/built-in.o
 .text.bt_att_recv
                0x00004f74      0x154 subsys/built-in.o
 .text.att_write_rsp.part.12
                0x000050c8       0xb8 subsys/built-in.o
 .text.att_write_cmd
                0x00005180       0x30 subsys/built-in.o
 .text.att_write_req
                0x000051b0       0x32 subsys/built-in.o
 *fill*         0x000051e2        0x2 
 .text.att_signed_write_cmd
                0x000051e4       0x94 subsys/built-in.o
 .text.att_exec_write_req
                0x00005278       0x9c subsys/built-in.o
 .text.att_prepare_write_req
                0x00005314       0xe4 subsys/built-in.o
 .text.att_read_group_req
                0x000053f8      0x11c subsys/built-in.o
 .text.att_read_mult_req
                0x00005514       0x80 subsys/built-in.o
 .text.att_read_rsp
                0x00005594       0x90 subsys/built-in.o
 .text.att_read_blob_req
                0x00005624       0x20 subsys/built-in.o
 .text.att_read_req
                0x00005644       0x1a subsys/built-in.o
 *fill*         0x0000565e        0x2 
 .text.att_read_type_req
                0x00005660       0xd8 subsys/built-in.o
 .text.att_find_type_req
                0x00005738       0xd4 subsys/built-in.o
 .text.att_find_info_req
                0x0000580c       0x8c subsys/built-in.o
 .text.bt_att_init
                0x00005898       0x14 subsys/built-in.o
                0x00005898                bt_att_init
 .text.bt_att_req_send
                0x000058ac       0x4c subsys/built-in.o
                0x000058ac                bt_att_req_send
 .text.sc_ccc_cfg_changed
                0x000058f8        0x2 subsys/built-in.o
 .text.find_next
                0x000058fa        0x6 subsys/built-in.o
 .text.gatt_ccc_changed
                0x00005900       0x36 subsys/built-in.o
 .text.gatt_indicate_rsp
                0x00005936        0xe subsys/built-in.o
 .text.sc_indicate_rsp
                0x00005944       0x10 subsys/built-in.o
 .text.bt_gatt_attr_write_ccc
                0x00005954       0xf0 subsys/built-in.o
                0x00005954                bt_gatt_attr_write_ccc
 .text.connected_cb
                0x00005a44       0x50 subsys/built-in.o
 .text.gatt_register
                0x00005a94       0xa8 subsys/built-in.o
 .text.gatt_notify
                0x00005b3c       0x8c subsys/built-in.o
 .text.gatt_indicate
                0x00005bc8       0xc4 subsys/built-in.o
 .text.notify_cb
                0x00005c8c       0xb8 subsys/built-in.o
 .text.disconnected_cb
                0x00005d44       0xb0 subsys/built-in.o
 .text.bt_gatt_init
                0x00005df4       0x18 subsys/built-in.o
                0x00005df4                bt_gatt_init
 .text.bt_gatt_attr_read
                0x00005e0c       0x2e subsys/built-in.o
                0x00005e0c                bt_gatt_attr_read
 *fill*         0x00005e3a        0x2 
 .text.read_appearance
                0x00005e3c       0x24 subsys/built-in.o
 .text.read_name
                0x00005e60       0x34 subsys/built-in.o
 .text.bt_gatt_attr_read_service
                0x00005e94       0x32 subsys/built-in.o
                0x00005e94                bt_gatt_attr_read_service
 .text.bt_gatt_attr_read_ccc
                0x00005ec6       0x74 subsys/built-in.o
                0x00005ec6                bt_gatt_attr_read_ccc
 *fill*         0x00005f3a        0x2 
 .text.bt_gatt_foreach_attr
                0x00005f3c       0x54 subsys/built-in.o
                0x00005f3c                bt_gatt_foreach_attr
 .text.bt_gatt_indicate.part.9
                0x00005f90       0x2c subsys/built-in.o
 .text.sc_indicate.isra.10
                0x00005fbc       0x5c subsys/built-in.o
 .text.bt_gatt_service_register
                0x00006018       0x60 subsys/built-in.o
                0x00006018                bt_gatt_service_register
 .text.bt_gatt_attr_next
                0x00006078       0x20 subsys/built-in.o
                0x00006078                bt_gatt_attr_next
 .text.bt_gatt_attr_read_chrc
                0x00006098       0xac subsys/built-in.o
                0x00006098                bt_gatt_attr_read_chrc
 .text.bt_gatt_connected
                0x00006144       0x18 subsys/built-in.o
                0x00006144                bt_gatt_connected
 .text.bt_gatt_disconnected
                0x0000615c       0x18 subsys/built-in.o
                0x0000615c                bt_gatt_disconnected
 .text.bt_smp_accept
                0x00006174       0x54 subsys/built-in.o
 .text.bt_smp_recv
                0x000061c8       0x36 subsys/built-in.o
 .text.bt_smp_sign_verify
                0x000061fe        0x6 subsys/built-in.o
                0x000061fe                bt_smp_sign_verify
 .text.bt_smp_init
                0x00006204       0x10 subsys/built-in.o
                0x00006204                bt_smp_init
 .text.evt_create
                0x00006214       0x14 subsys/built-in.o
 .text.cmd_status
                0x00006228       0x38 subsys/built-in.o
 .text.cmd_complete
                0x00006260       0x44 subsys/built-in.o
 .text.meta_evt
                0x000062a4       0x28 subsys/built-in.o
 .text.encrypt_change
                0x000062cc       0x38 subsys/built-in.o
 .text.le_remote_feat_complete
                0x00006304       0x50 subsys/built-in.o
 .text.bt_addr_le_to_str.constprop.57
                0x00006354       0x64 subsys/built-in.o
 .text.le_adv_ext_report.isra.53
                0x000063b8      0x100 subsys/built-in.o
 .text.sys_get_le64
                0x000064b8       0x36 subsys/built-in.o
 *fill*         0x000064ee        0x2 
 .text.hci_cmd_handle
                0x000064f0      0x718 subsys/built-in.o
                0x000064f0                hci_cmd_handle
 .text.hci_acl_handle
                0x00006c08       0xf4 subsys/built-in.o
                0x00006c08                hci_acl_handle
 .text.hci_acl_encode
                0x00006cfc       0x8c subsys/built-in.o
                0x00006cfc                hci_acl_encode
 .text.hci_evt_encode
                0x00006d88      0x560 subsys/built-in.o
                0x00006d88                hci_evt_encode
 .text.hci_num_cmplt_encode
                0x000072e8       0x30 subsys/built-in.o
                0x000072e8                hci_num_cmplt_encode
 .text.hci_get_class
                0x00007318       0x30 subsys/built-in.o
                0x00007318                hci_get_class
 .text.hci_init
                0x00007348       0x34 subsys/built-in.o
                0x00007348                hci_init
 .text._hci_driver_init
                0x0000737c       0x10 subsys/built-in.o
 .text.recv_thread
                0x0000738c       0xbc subsys/built-in.o
 .text.prio_recv_thread
                0x00007448       0x5c subsys/built-in.o
 .text.hci_driver_send
                0x000074a4       0x90 subsys/built-in.o
 .text.hci_driver_open
                0x00007534       0xa4 subsys/built-in.o
 .text.mayfly_init
                0x000075d8       0x44 subsys/built-in.o
                0x000075d8                mayfly_init
 .text.mayfly_enable
                0x0000761c       0x40 subsys/built-in.o
                0x0000761c                mayfly_enable
 .text.mayfly_enqueue
                0x0000765c       0xac subsys/built-in.o
                0x0000765c                mayfly_enqueue
 .text.mayfly_run
                0x00007708      0x118 subsys/built-in.o
                0x00007708                mayfly_run
 .text.mem_init
                0x00007820       0x4c subsys/built-in.o
                0x00007820                mem_init
 .text.mem_acquire
                0x0000786c       0x32 subsys/built-in.o
                0x0000786c                mem_acquire
 .text.mem_release
                0x0000789e       0x2c subsys/built-in.o
                0x0000789e                mem_release
 .text.mem_free_count_get
                0x000078ca       0x10 subsys/built-in.o
                0x000078ca                mem_free_count_get
 .text.mem_get  0x000078da        0x6 subsys/built-in.o
                0x000078da                mem_get
 .text.mem_index_get
                0x000078e0       0x10 subsys/built-in.o
                0x000078e0                mem_index_get
 .text.mem_rcopy
                0x000078f0       0x20 subsys/built-in.o
                0x000078f0                mem_rcopy
 .text.mem_nz   0x00007910       0x18 subsys/built-in.o
                0x00007910                mem_nz
 .text.memq_init
                0x00007928        0x6 subsys/built-in.o
                0x00007928                memq_init
 .text.memq_enqueue
                0x0000792e        0xe subsys/built-in.o
                0x0000792e                memq_enqueue
 .text.memq_peek
                0x0000793c       0x16 subsys/built-in.o
                0x0000793c                memq_peek
 .text.memq_dequeue
                0x00007952       0x1e subsys/built-in.o
                0x00007952                memq_dequeue
 .text.util_ones_count_get
                0x00007970       0x22 subsys/built-in.o
                0x00007970                util_ones_count_get
 *fill*         0x00007992        0x2 
 .text.cntr_init
                0x00007994       0x20 subsys/built-in.o
                0x00007994                cntr_init
 .text.cntr_start
                0x000079b4       0x20 subsys/built-in.o
                0x000079b4                cntr_start
 .text.cntr_stop
                0x000079d4       0x58 subsys/built-in.o
                0x000079d4                cntr_stop
 .text.cntr_cnt_get
                0x00007a2c       0x10 subsys/built-in.o
                0x00007a2c                cntr_cnt_get
 .text.cntr_cmp_set
                0x00007a3c       0x10 subsys/built-in.o
                0x00007a3c                cntr_cmp_set
 .text.do_ecb   0x00007a4c       0x50 subsys/built-in.o
 .text.ecb_encrypt
                0x00007a9c       0x44 subsys/built-in.o
                0x00007a9c                ecb_encrypt
 .text.isr_radio
                0x00007ae0       0x14 subsys/built-in.o
                0x00007ae0                isr_radio
 .text.radio_isr_set
                0x00007af4       0x30 subsys/built-in.o
                0x00007af4                radio_isr_set
 .text.radio_reset
                0x00007b24       0x20 subsys/built-in.o
                0x00007b24                radio_reset
 .text.radio_phy_set
                0x00007b44       0x18 subsys/built-in.o
                0x00007b44                radio_phy_set
 .text.radio_tx_power_set
                0x00007b5c       0x10 subsys/built-in.o
                0x00007b5c                radio_tx_power_set
 .text.radio_freq_chan_set
                0x00007b6c       0x10 subsys/built-in.o
                0x00007b6c                radio_freq_chan_set
 .text.radio_whiten_iv_set
                0x00007b7c       0x10 subsys/built-in.o
                0x00007b7c                radio_whiten_iv_set
 .text.radio_aa_set
                0x00007b8c       0x3c subsys/built-in.o
                0x00007b8c                radio_aa_set
 .text.radio_pkt_configure
                0x00007bc8       0x3c subsys/built-in.o
                0x00007bc8                radio_pkt_configure
 .text.radio_pkt_rx_set
                0x00007c04       0x10 subsys/built-in.o
                0x00007c04                radio_pkt_rx_set
 .text.radio_pkt_tx_set
                0x00007c14       0x10 subsys/built-in.o
                0x00007c14                radio_pkt_tx_set
 .text.radio_tx_ready_delay_get
                0x00007c24        0x4 subsys/built-in.o
                0x00007c24                radio_tx_ready_delay_get
 .text.radio_tx_chain_delay_get
                0x00007c28        0x4 subsys/built-in.o
                0x00007c28                radio_tx_chain_delay_get
 .text.radio_rx_ready_delay_get
                0x00007c2c        0x4 subsys/built-in.o
                0x00007c2c                radio_rx_ready_delay_get
 .text.radio_rx_chain_delay_get
                0x00007c30        0x4 subsys/built-in.o
                0x00007c30                radio_rx_chain_delay_get
 .text.radio_rx_enable
                0x00007c34        0xc subsys/built-in.o
                0x00007c34                radio_rx_enable
 .text.radio_tx_enable
                0x00007c40        0xc subsys/built-in.o
                0x00007c40                radio_tx_enable
 .text.radio_disable
                0x00007c4c       0x14 subsys/built-in.o
                0x00007c4c                radio_disable
 .text.radio_status_reset
                0x00007c60       0x14 subsys/built-in.o
                0x00007c60                radio_status_reset
 .text.radio_is_ready
                0x00007c74       0x10 subsys/built-in.o
                0x00007c74                radio_is_ready
 .text.radio_is_done
                0x00007c84       0x10 subsys/built-in.o
                0x00007c84                radio_is_done
 .text.radio_is_idle
                0x00007c94       0x14 subsys/built-in.o
                0x00007c94                radio_is_idle
 .text.radio_crc_configure
                0x00007ca8       0x24 subsys/built-in.o
                0x00007ca8                radio_crc_configure
 .text.radio_crc_is_valid
                0x00007ccc       0x14 subsys/built-in.o
                0x00007ccc                radio_crc_is_valid
 .text.radio_pkt_empty_get
                0x00007ce0        0x8 subsys/built-in.o
                0x00007ce0                radio_pkt_empty_get
 .text.radio_pkt_scratch_get
                0x00007ce8        0x8 subsys/built-in.o
                0x00007ce8                radio_pkt_scratch_get
 .text.radio_switch_complete_and_rx
                0x00007cf0       0x10 subsys/built-in.o
                0x00007cf0                radio_switch_complete_and_rx
 .text.radio_switch_complete_and_tx
                0x00007d00       0x10 subsys/built-in.o
                0x00007d00                radio_switch_complete_and_tx
 .text.radio_switch_complete_and_disable
                0x00007d10       0x10 subsys/built-in.o
                0x00007d10                radio_switch_complete_and_disable
 .text.radio_rssi_measure
                0x00007d20       0x18 subsys/built-in.o
                0x00007d20                radio_rssi_measure
 .text.radio_rssi_get
                0x00007d38       0x10 subsys/built-in.o
                0x00007d38                radio_rssi_get
 .text.radio_rssi_status_reset
                0x00007d48        0xc subsys/built-in.o
                0x00007d48                radio_rssi_status_reset
 .text.radio_rssi_is_ready
                0x00007d54       0x10 subsys/built-in.o
                0x00007d54                radio_rssi_is_ready
 .text.radio_filter_configure
                0x00007d64       0x54 subsys/built-in.o
                0x00007d64                radio_filter_configure
 .text.radio_filter_disable
                0x00007db8       0x14 subsys/built-in.o
                0x00007db8                radio_filter_disable
 .text.radio_filter_status_reset
                0x00007dcc       0x10 subsys/built-in.o
                0x00007dcc                radio_filter_status_reset
 .text.radio_filter_has_match
                0x00007ddc       0x10 subsys/built-in.o
                0x00007ddc                radio_filter_has_match
 .text.radio_filter_match_get
                0x00007dec       0x10 subsys/built-in.o
                0x00007dec                radio_filter_match_get
 .text.radio_bc_configure
                0x00007dfc       0x1c subsys/built-in.o
                0x00007dfc                radio_bc_configure
 .text.radio_tmr_status_reset
                0x00007e18       0x20 subsys/built-in.o
                0x00007e18                radio_tmr_status_reset
 .text.radio_tmr_tifs_set
                0x00007e38       0x10 subsys/built-in.o
                0x00007e38                radio_tmr_tifs_set
 .text.radio_tmr_start
                0x00007e48       0xc4 subsys/built-in.o
                0x00007e48                radio_tmr_start
 .text.radio_tmr_stop
                0x00007f0c       0x10 subsys/built-in.o
                0x00007f0c                radio_tmr_stop
 .text.radio_tmr_hcto_configure
                0x00007f1c       0x58 subsys/built-in.o
                0x00007f1c                radio_tmr_hcto_configure
 .text.radio_tmr_aa_capture
                0x00007f74       0x44 subsys/built-in.o
                0x00007f74                radio_tmr_aa_capture
 .text.radio_tmr_aa_get
                0x00007fb8       0x18 subsys/built-in.o
                0x00007fb8                radio_tmr_aa_get
 .text.radio_tmr_end_capture
                0x00007fd0       0x2c subsys/built-in.o
                0x00007fd0                radio_tmr_end_capture
 .text.radio_tmr_end_get
                0x00007ffc       0x10 subsys/built-in.o
                0x00007ffc                radio_tmr_end_get
 .text.radio_ccm_rx_pkt_set
                0x0000800c       0x7c subsys/built-in.o
                0x0000800c                radio_ccm_rx_pkt_set
 .text.radio_ccm_tx_pkt_set
                0x00008088       0x58 subsys/built-in.o
                0x00008088                radio_ccm_tx_pkt_set
 .text.radio_ccm_is_done
                0x000080e0       0x48 subsys/built-in.o
                0x000080e0                radio_ccm_is_done
 .text.radio_ccm_mic_is_valid
                0x00008128       0x14 subsys/built-in.o
                0x00008128                radio_ccm_mic_is_valid
 .text.radio_ar_configure
                0x0000813c       0x5c subsys/built-in.o
                0x0000813c                radio_ar_configure
 .text.radio_ar_match_get
                0x00008198       0x10 subsys/built-in.o
                0x00008198                radio_ar_match_get
 .text.radio_ar_status_reset
                0x000081a8       0x20 subsys/built-in.o
                0x000081a8                radio_ar_status_reset
 .text.radio_ar_has_match
                0x000081c8       0x24 subsys/built-in.o
                0x000081c8                radio_ar_has_match
 .text.rand_init
                0x000081ec       0x6c subsys/built-in.o
                0x000081ec                rand_init
 .text.rand_get
                0x00008258       0x5c subsys/built-in.o
                0x00008258                rand_get
 .text.isr_rand
                0x000082b4       0x64 subsys/built-in.o
                0x000082b4                isr_rand
 .text.ticker_dequeue
                0x00008318       0x50 subsys/built-in.o
 .text.ticks_to_expire_prep
                0x00008368       0x3e subsys/built-in.o
 .text.ticker_job_op_cb
                0x000083a6       0x18 subsys/built-in.o
 .text.ticker_instance1_cmp_set
                0x000083be        0xc subsys/built-in.o
 .text.ticker_instance0_cmp_set
                0x000083ca        0xc subsys/built-in.o
 *fill*         0x000083d6        0x2 
 .text.ticker_instance1_sched
                0x000083d8       0x94 subsys/built-in.o
 .text.ticker_instance0_sched
                0x0000846c       0x98 subsys/built-in.o
 .text.ticker_instance1_caller_id_get
                0x00008504       0x40 subsys/built-in.o
 .text.ticker_instance0_caller_id_get
                0x00008544       0x48 subsys/built-in.o
 .text.ticker_worker
                0x0000858c       0xa8 subsys/built-in.o
 .text.ticker_job
                0x00008634      0x748 subsys/built-in.o
 .text.ticker_init
                0x00008d7c       0xa8 subsys/built-in.o
                0x00008d7c                ticker_init
 .text.ticker_trigger
                0x00008e24       0x20 subsys/built-in.o
                0x00008e24                ticker_trigger
 .text.ticker_start
                0x00008e44       0x90 subsys/built-in.o
                0x00008e44                ticker_start
 .text.ticker_update
                0x00008ed4       0xa0 subsys/built-in.o
                0x00008ed4                ticker_update
 .text.ticker_stop
                0x00008f74       0x5c subsys/built-in.o
                0x00008f74                ticker_stop
 .text.ticker_next_slot_get
                0x00008fd0       0x64 subsys/built-in.o
                0x00008fd0                ticker_next_slot_get
 .text.ticker_job_idle_get
                0x00009034       0x58 subsys/built-in.o
                0x00009034                ticker_job_idle_get
 .text.ticker_job_sched
                0x0000908c       0x20 subsys/built-in.o
                0x0000908c                ticker_job_sched
 .text.ticker_ticks_now_get
                0x000090ac        0x8 subsys/built-in.o
                0x000090ac                ticker_ticks_now_get
 .text.ticker_ticks_diff_get
                0x000090b4        0x8 subsys/built-in.o
                0x000090b4                ticker_ticks_diff_get
 .text.bt_rand  0x000090bc       0x3c subsys/built-in.o
                0x000090bc                bt_rand
 .text.bt_encrypt_le
                0x000090f8        0xc subsys/built-in.o
                0x000090f8                bt_encrypt_le
 .text.cpu_sleep
                0x00009104        0x8 subsys/built-in.o
 .text.ticker_if_done
                0x0000910c        0x4 subsys/built-in.o
 .text.prepare_reduced
                0x00009110       0x10 subsys/built-in.o
 .text.prepare_normal
                0x00009120        0xe subsys/built-in.o
 .text.chan_sel_remap
                0x0000912e       0x34 subsys/built-in.o
 *fill*         0x00009162        0x2 
 .text.packet_rx_acquired_count_get
                0x00009164       0x2c subsys/built-in.o
 .text.packet_rx_reserve_get
                0x00009190       0x2c subsys/built-in.o
 .text.packet_rx_allocate
                0x000091bc       0x98 subsys/built-in.o
 .text.common_init
                0x00009254      0x110 subsys/built-in.o
 .text.tx_cmplt_get
                0x00009364       0x9c subsys/built-in.o
 .text.connection_get
                0x00009400       0x30 subsys/built-in.o
 .text.role_disable
                0x00009430      0x2a4 subsys/built-in.o
 .text.mayfly_xtal_retain
                0x000096d4       0xa8 subsys/built-in.o
 .text.rx_packet_set
                0x0000977c       0x50 subsys/built-in.o
 .text.prepare_pdu_data_tx
                0x000097cc      0x10e subsys/built-in.o
 .text.tx_packet_set
                0x000098da       0x50 subsys/built-in.o
 *fill*         0x0000992a        0x2 
 .text.packet_rx_enqueue
                0x0000992c       0x9c subsys/built-in.o
 .text.rx_fc_lock
                0x000099c8       0x38 subsys/built-in.o
 .text.ticker_success_assert
                0x00009a00       0x3c subsys/built-in.o
 .text.ticker_stop_adv_assert
                0x00009a3c       0x4c subsys/built-in.o
 .text.ticker_stop_scan_assert
                0x00009a88       0x4c subsys/built-in.o
 .text.ticker_update_adv_assert
                0x00009ad4       0x48 subsys/built-in.o
 .text.ticker_update_slave_assert
                0x00009b1c       0x48 subsys/built-in.o
 .text.ticker_op_latency_cancelled
                0x00009b64       0x44 subsys/built-in.o
 .text.ticker_job_disable
                0x00009ba8       0x1c subsys/built-in.o
 .text.event_stop
                0x00009bc4       0x50 subsys/built-in.o
 .text.event_adv_stop
                0x00009c14       0xa0 subsys/built-in.o
                0x00009c14                event_adv_stop
 .text.event_active
                0x00009cb4       0x4c subsys/built-in.o
 .text.event_xtal
                0x00009d00       0x4c subsys/built-in.o
 .text.mayfly_radio_active
                0x00009d4c       0x64 subsys/built-in.o
 .text.mayfly_radio_inactive
                0x00009db0        0xa subsys/built-in.o
 *fill*         0x00009dba        0x2 
 .text.mayfly_radio_stop
                0x00009dbc       0x60 subsys/built-in.o
 .text.pdu_node_tx_release
                0x00009e1c       0x78 subsys/built-in.o
 .text.packet_tx_enqueue
                0x00009e94       0x98 subsys/built-in.o
 .text.event_common_prepare
                0x00009f2c      0x1f4 subsys/built-in.o
 .text.connection_release
                0x0000a120      0x124 subsys/built-in.o
 .text.chan_set
                0x0000a244       0x68 subsys/built-in.o
 .text.adv_setup
                0x0000a2ac       0xdc subsys/built-in.o
 .text.terminate_ind_rx_enqueue
                0x0000a388       0x84 subsys/built-in.o
 .text.isr_rx_scan_report
                0x0000a40c       0x8c subsys/built-in.o
 .text.isr_rx_scan
                0x0000a498      0x618 subsys/built-in.o
 .text.prepare_normal_set
                0x0000aab0       0x74 subsys/built-in.o
 .text.preempt_calc
                0x0000ab24       0x3c subsys/built-in.o
 .text.mayfly_xtal_stop_calc
                0x0000ab60      0x160 subsys/built-in.o
 .text.radio_event_adv_prepare
                0x0000acc0       0x68 subsys/built-in.o
                0x0000acc0                radio_event_adv_prepare
 .text.adv_scan_configure.constprop.30
                0x0000ad28       0x4c subsys/built-in.o
 .text.event_adv
                0x0000ad74      0x114 subsys/built-in.o
 .text.mayfly_xtal_start
                0x0000ae88       0x14 subsys/built-in.o
 .text.mayfly_xtal_stop
                0x0000ae9c       0x14 subsys/built-in.o
 .text.chan_sel_2
                0x0000aeb0       0x84 subsys/built-in.o
 .text.connection_configure
                0x0000af34       0x3c subsys/built-in.o
 .text.event_slave
                0x0000af70      0x1d8 subsys/built-in.o
 .text.ctrl_tx_enqueue
                0x0000b148       0x72 subsys/built-in.o
 *fill*         0x0000b1ba        0x2 
 .text.start_enc_rsp_send
                0x0000b1bc       0x70 subsys/built-in.o
 .text.pause_enc_rsp_send
                0x0000b22c       0x60 subsys/built-in.o
 .text.reject_ind_ext_send
                0x0000b28c       0x68 subsys/built-in.o
 .text.event_connection_prepare
                0x0000b2f4     0x1144 subsys/built-in.o
 .text.event_master_prepare
                0x0000c438        0x8 subsys/built-in.o
 .text.event_slave_prepare
                0x0000c440        0x8 subsys/built-in.o
 .text.event_master
                0x0000c448      0x19c subsys/built-in.o
 .text.isr      0x0000c5e4     0x1ef4 subsys/built-in.o
 .text.radio_init
                0x0000e4d8       0xf4 subsys/built-in.o
                0x0000e4d8                radio_init
 .text.ll_reset
                0x0000e5cc       0xa0 subsys/built-in.o
                0x0000e5cc                ll_reset
 .text.radio_adv_data_get
                0x0000e66c        0xc subsys/built-in.o
                0x0000e66c                radio_adv_data_get
 .text.radio_scan_data_get
                0x0000e678        0xc subsys/built-in.o
                0x0000e678                radio_scan_data_get
 .text.radio_adv_is_enabled
                0x0000e684       0x14 subsys/built-in.o
                0x0000e684                radio_adv_is_enabled
 .text.radio_adv_filter_pol_get
                0x0000e698       0x18 subsys/built-in.o
                0x0000e698                radio_adv_filter_pol_get
 .text.radio_scan_is_enabled
                0x0000e6b0       0x14 subsys/built-in.o
                0x0000e6b0                radio_scan_is_enabled
 .text.radio_scan_filter_pol_get
                0x0000e6c4       0x1c subsys/built-in.o
                0x0000e6c4                radio_scan_filter_pol_get
 .text.ll_conn_update
                0x0000e6e0       0x94 subsys/built-in.o
                0x0000e6e0                ll_conn_update
 .text.ll_start_enc_req_send
                0x0000e774       0x8e subsys/built-in.o
                0x0000e774                ll_start_enc_req_send
 .text.ll_feature_req_send
                0x0000e802       0x2c subsys/built-in.o
                0x0000e802                ll_feature_req_send
 .text.ll_version_ind_send
                0x0000e82e       0x2c subsys/built-in.o
                0x0000e82e                ll_version_ind_send
 .text.ll_terminate_ind_send
                0x0000e85a       0x2c subsys/built-in.o
                0x0000e85a                ll_terminate_ind_send
 .text.ll_length_req_send
                0x0000e886       0x46 subsys/built-in.o
                0x0000e886                ll_length_req_send
 .text.ll_length_default_get
                0x0000e8cc       0x14 subsys/built-in.o
                0x0000e8cc                ll_length_default_get
 .text.ll_length_default_set
                0x0000e8e0       0x10 subsys/built-in.o
                0x0000e8e0                ll_length_default_set
 .text.ll_length_max_get
                0x0000e8f0       0x12 subsys/built-in.o
                0x0000e8f0                ll_length_max_get
 .text.ll_phy_get
                0x0000e902       0x2c subsys/built-in.o
                0x0000e902                ll_phy_get
 *fill*         0x0000e92e        0x2 
 .text.ll_phy_default_set
                0x0000e930       0x10 subsys/built-in.o
                0x0000e930                ll_phy_default_set
 .text.ll_phy_req_send
                0x0000e940       0x5e subsys/built-in.o
                0x0000e940                ll_phy_req_send
 *fill*         0x0000e99e        0x2 
 .text.radio_rx_get
                0x0000e9a0       0x78 subsys/built-in.o
                0x0000e9a0                radio_rx_get
 .text.radio_rx_mem_release
                0x0000ea18       0x90 subsys/built-in.o
                0x0000ea18                radio_rx_mem_release
 .text.do_radio_rx_fc_set
                0x0000eaa8       0x68 subsys/built-in.o
                0x0000eaa8                do_radio_rx_fc_set
 .text.radio_rx_fc_set
                0x0000eb10       0x64 subsys/built-in.o
                0x0000eb10                radio_rx_fc_set
 .text.radio_tx_mem_acquire
                0x0000eb74       0x14 subsys/built-in.o
                0x0000eb74                radio_tx_mem_acquire
 .text.radio_tx_mem_release
                0x0000eb88       0x14 subsys/built-in.o
                0x0000eb88                radio_tx_mem_release
 .text.radio_tx_mem_enqueue
                0x0000eb9c       0xf8 subsys/built-in.o
                0x0000eb9c                radio_tx_mem_enqueue
 .text.ll_adv_scan_state_cb
                0x0000ec94       0x3c subsys/built-in.o
                0x0000ec98                ll_adv_scan_state_cb
 .text.radio_adv_enable
                0x0000ecd0      0x348 subsys/built-in.o
                0x0000ecd0                radio_adv_enable
 .text.radio_adv_disable
                0x0000f018       0x60 subsys/built-in.o
                0x0000f018                radio_adv_disable
 .text.radio_rx_dequeue
                0x0000f078      0x178 subsys/built-in.o
                0x0000f078                radio_rx_dequeue
 .text.rtc0_nrf5_isr
                0x0000f1f0       0x30 subsys/built-in.o
 .text.swi4_nrf5_isr
                0x0000f220        0xa subsys/built-in.o
 .text.rng_nrf5_isr
                0x0000f22a        0x8 subsys/built-in.o
 .text.radio_nrf5_isr
                0x0000f232       0x10 subsys/built-in.o
                0x0000f232                radio_nrf5_isr
 *fill*         0x0000f242        0x2 
 .text.mayfly_enable_cb
                0x0000f244       0x4c subsys/built-in.o
                0x0000f244                mayfly_enable_cb
 .text.mayfly_is_enabled
                0x0000f290       0x48 subsys/built-in.o
                0x0000f290                mayfly_is_enabled
 .text.mayfly_prio_is_equal
                0x0000f2d8       0x1c subsys/built-in.o
                0x0000f2d8                mayfly_prio_is_equal
 .text.mayfly_pend
                0x0000f2f4       0x50 subsys/built-in.o
                0x0000f2f4                mayfly_pend
 .text.radio_active_callback
                0x0000f344        0x2 subsys/built-in.o
                0x0000f344                radio_active_callback
 *fill*         0x0000f346        0x2 
 .text.radio_event_callback
                0x0000f348       0x10 subsys/built-in.o
                0x0000f348                radio_event_callback
 .text.ll_init  0x0000f358      0x120 subsys/built-in.o
                0x0000f358                ll_init
 .text.ll_addr_get
                0x0000f478       0x34 subsys/built-in.o
                0x0000f478                ll_addr_get
 .text.ll_addr_set
                0x0000f4ac       0x18 subsys/built-in.o
                0x0000f4ac                ll_addr_set
 .text.wl_peers_find
                0x0000f4c4       0x48 subsys/built-in.o
 .text.filter_rl_update
                0x0000f50c       0x60 subsys/built-in.o
 .text.rl_access_check.constprop.1
                0x0000f56c       0x18 subsys/built-in.o
 .text.filter_wl_update
                0x0000f584       0x80 subsys/built-in.o
 .text.ctrl_irks_get
                0x0000f604       0x14 subsys/built-in.o
                0x0000f604                ctrl_irks_get
 .text.ctrl_rl_idx
                0x0000f618       0x8c subsys/built-in.o
                0x0000f618                ctrl_rl_idx
 .text.ctrl_irk_whitelisted
                0x0000f6a4       0x74 subsys/built-in.o
                0x0000f6a4                ctrl_irk_whitelisted
 .text.ctrl_filter_get
                0x0000f718       0x14 subsys/built-in.o
                0x0000f718                ctrl_filter_get
 .text.ll_wl_size_get
                0x0000f72c        0x4 subsys/built-in.o
                0x0000f72c                ll_wl_size_get
 .text.ll_wl_clear
                0x0000f730       0x40 subsys/built-in.o
                0x0000f730                ll_wl_clear
 .text.ll_wl_remove
                0x0000f770       0x70 subsys/built-in.o
                0x0000f770                ll_wl_remove
 .text.ll_filters_adv_update
                0x0000f7e0       0x2c subsys/built-in.o
                0x0000f7e0                ll_filters_adv_update
 .text.ll_rl_find
                0x0000f80c       0x64 subsys/built-in.o
                0x0000f80c                ll_rl_find
 .text.ll_wl_add
                0x0000f870       0xcc subsys/built-in.o
                0x0000f870                ll_wl_add
 .text.ctrl_rl_allowed
                0x0000f93c       0x70 subsys/built-in.o
                0x0000f93c                ctrl_rl_allowed
 .text.ctrl_rl_enabled
                0x0000f9ac       0x10 subsys/built-in.o
                0x0000f9ac                ctrl_rl_enabled
 .text.ll_rl_pdu_adv_update
                0x0000f9bc       0xd8 subsys/built-in.o
                0x0000f9bc                ll_rl_pdu_adv_update
 .text.ll_rl_rpa_update
                0x0000fa94      0x1bc subsys/built-in.o
                0x0000fa94                ll_rl_rpa_update
 .text.rpa_timeout
                0x0000fc50       0x24 subsys/built-in.o
 .text.ll_rl_size_get
                0x0000fc74        0x4 subsys/built-in.o
                0x0000fc74                ll_rl_size_get
 .text.ll_rl_clear
                0x0000fc78       0x38 subsys/built-in.o
                0x0000fc78                ll_rl_clear
 .text.ll_rl_add
                0x0000fcb0      0x13c subsys/built-in.o
                0x0000fcb0                ll_rl_add
 .text.ll_rl_remove
                0x0000fdec       0xdc subsys/built-in.o
                0x0000fdec                ll_rl_remove
 .text.ll_rl_prpa_get
                0x0000fec8       0x30 subsys/built-in.o
                0x0000fec8                ll_rl_prpa_get
 .text.ll_rl_lrpa_get
                0x0000fef8       0x30 subsys/built-in.o
                0x0000fef8                ll_rl_lrpa_get
 .text.ll_rl_enable
                0x0000ff28       0x30 subsys/built-in.o
                0x0000ff28                ll_rl_enable
 .text.ll_rl_timeout_set
                0x0000ff58       0x10 subsys/built-in.o
                0x0000ff58                ll_rl_timeout_set
 .text.ll_priv_mode_set
                0x0000ff68       0x54 subsys/built-in.o
                0x0000ff68                ll_priv_mode_set
 .text.ll_filter_reset
                0x0000ffbc       0x90 subsys/built-in.o
                0x0000ffbc                ll_filter_reset
 .text.ll_adv_set_get
                0x0001004c        0x8 subsys/built-in.o
                0x0001004c                ll_adv_set_get
 .text.ll_adv_params_set
                0x00010054      0x220 subsys/built-in.o
                0x00010054                ll_adv_params_set
 .text.ll_adv_data_set
                0x00010274       0xac subsys/built-in.o
                0x00010274                ll_adv_data_set
 .text.ll_scan_data_set
                0x00010320       0x76 subsys/built-in.o
                0x00010320                ll_scan_data_set
 *fill*         0x00010396        0x2 
 .text.ll_adv_enable
                0x00010398       0xf0 subsys/built-in.o
                0x00010398                ll_adv_enable
 .text.net_buf_pool_get
                0x00010488       0x10 subsys/built-in.o
                0x00010488                net_buf_pool_get
 .text.net_buf_alloc
                0x00010498       0x90 subsys/built-in.o
                0x00010498                net_buf_alloc
 .text.net_buf_get
                0x00010528       0x30 subsys/built-in.o
                0x00010528                net_buf_get
 .text.net_buf_reserve
                0x00010558        0xa subsys/built-in.o
                0x00010558                net_buf_reserve
 .text.net_buf_put
                0x00010562       0x1c subsys/built-in.o
                0x00010562                net_buf_put
 *fill*         0x0001057e        0x2 
 .text.net_buf_unref
                0x00010580       0x3c subsys/built-in.o
                0x00010580                net_buf_unref
 .text.net_buf_ref
                0x000105bc        0x8 subsys/built-in.o
                0x000105bc                net_buf_ref
 .text.net_buf_simple_add
                0x000105c4        0xe subsys/built-in.o
                0x000105c4                net_buf_simple_add
 .text.net_buf_simple_add_mem
                0x000105d2       0x14 subsys/built-in.o
                0x000105d2                net_buf_simple_add_mem
 .text.net_buf_simple_add_u8
                0x000105e6       0x10 subsys/built-in.o
                0x000105e6                net_buf_simple_add_u8
 .text.net_buf_simple_push
                0x000105f6       0x10 subsys/built-in.o
                0x000105f6                net_buf_simple_push
 .text.net_buf_simple_pull
                0x00010606       0x10 subsys/built-in.o
                0x00010606                net_buf_simple_pull
 .text.net_buf_simple_pull_u8
                0x00010616       0x10 subsys/built-in.o
                0x00010616                net_buf_simple_pull_u8
 .text.net_buf_simple_pull_le16
                0x00010626       0x16 subsys/built-in.o
                0x00010626                net_buf_simple_pull_le16
 .text.net_buf_simple_headroom
                0x0001063c        0xa subsys/built-in.o
                0x0001063c                net_buf_simple_headroom
 .text.net_buf_simple_tailroom
                0x00010646       0x12 subsys/built-in.o
                0x00010646                net_buf_simple_tailroom
 .text.nordicsemi_nrf51_init
                0x00010658       0xa0 arch/built-in.o
 .text._HandlerModeExit
                0x000106f8       0x30 arch/built-in.o
                0x000106f8                _IntExit
                0x00010704                _ExcExit
 .text._IntLibInit
                0x00010728       0x30 arch/built-in.o
                0x00010728                _IntLibInit
 .text.__pendsv
                0x00010758       0x5c arch/built-in.o
                0x00010758                __pendsv
 .text.__svc    0x000107b4       0x28 arch/built-in.o
                0x000107b4                __svc
 .text.__swap   0x000107dc       0x28 arch/built-in.o
                0x000107dc                __swap
 .text._Fault   0x00010804       0x54 arch/built-in.o
                0x00010804                _Fault
 .text._FaultInit
                0x00010858        0x2 arch/built-in.o
                0x00010858                _FaultInit
 *fill*         0x0001085a        0x2 
 .text._arch_irq_enable
                0x0001085c       0x14 arch/built-in.o
                0x0001085c                _arch_irq_enable
 .text._arch_irq_disable
                0x00010870       0x14 arch/built-in.o
                0x00010870                _arch_irq_disable
 .text._arch_irq_is_enabled
                0x00010884       0x18 arch/built-in.o
                0x00010884                _arch_irq_is_enabled
 .text._irq_priority_set
                0x0001089c       0x64 arch/built-in.o
                0x0001089c                _irq_priority_set
 .text._irq_spurious
                0x00010900        0x8 arch/built-in.o
                0x00010900                _irq_spurious
 .text._arch_isr_direct_pm
                0x00010908       0x24 arch/built-in.o
                0x00010908                _arch_isr_direct_pm
 .text._new_thread
                0x0001092c       0x48 arch/built-in.o
                0x0001092c                _new_thread
 .text._CpuIdleInit
                0x00010974        0xc arch/built-in.o
                0x00010974                _CpuIdleInit
 .text.k_cpu_idle
                0x00010980        0x8 arch/built-in.o
                0x00010980                k_cpu_idle
 .text.__fault  0x00010988       0x1c arch/built-in.o
                0x00010988                __reserved
                0x00010988                __hard_fault
 .text._NanoFatalErrorHandler
                0x000109a4       0x64 arch/built-in.o
                0x000109a4                _NanoFatalErrorHandler
 .text._do_kernel_oops
                0x00010a08        0xc arch/built-in.o
                0x00010a08                _do_kernel_oops
 .text._SysFatalErrorHandler
                0x00010a14       0x58 arch/built-in.o
                0x00010a14                _SysFatalErrorHandler
 .text.k_thread_abort
                0x00010a6c       0x44 arch/built-in.o
                0x00010a6c                k_thread_abort
 .text._isr_wrapper
                0x00010ab0       0x38 arch/built-in.o
                0x00010ab0                _isr_wrapper
 .text._reset_section
                0x00010ae8       0x1c arch/built-in.o
                0x00010ae8                __reset
                0x00010ae8                __start
 .text._SysNmiOnReset
                0x00010b04        0x4 arch/built-in.o
                0x00010b04                _SysNmiOnReset
 .text._PrepC   0x00010b08        0xe arch/built-in.o
                0x00010b08                _PrepC
 .text.__nmi    0x00010b16        0xc arch/built-in.o
                0x00010b16                __nmi
 .text.atomic_inc
                0x00010b22       0x16 kernel/lib.a(atomic_c.o)
                0x00010b22                atomic_inc
 .text.atomic_dec
                0x00010b38       0x16 kernel/lib.a(atomic_c.o)
                0x00010b38                atomic_dec
 .text.atomic_get
                0x00010b4e        0x4 kernel/lib.a(atomic_c.o)
                0x00010b4e                atomic_get
 .text.atomic_set
                0x00010b52       0x14 kernel/lib.a(atomic_c.o)
                0x00010b52                atomic_set
 .text.atomic_or
                0x00010b66       0x16 kernel/lib.a(atomic_c.o)
                0x00010b66                atomic_or
 .text.atomic_and
                0x00010b7c       0x16 kernel/lib.a(atomic_c.o)
                0x00010b7c                atomic_and
 *fill*         0x00010b92        0x2 
 .text._sys_device_do_config_level
                0x00010b94       0x24 kernel/lib.a(device.o)
                0x00010b94                _sys_device_do_config_level
 .text.device_get_binding
                0x00010bb8       0x34 kernel/lib.a(device.o)
                0x00010bb8                device_get_binding
 .text._sys_power_save_idle_exit
                0x00010bec       0x18 kernel/lib.a(idle.o)
                0x00010bec                _sys_power_save_idle_exit
 .text.idle     0x00010c04       0x44 kernel/lib.a(idle.o)
                0x00010c04                idle
 .text.k_call_stacks_analyze
                0x00010c48        0x2 kernel/lib.a(init.o)
                0x00010c48                k_call_stacks_analyze
 *fill*         0x00010c4a        0x2 
 .text._bss_zero
                0x00010c4c       0x18 kernel/lib.a(init.o)
                0x00010c4c                _bss_zero
 .text._data_copy
                0x00010c64       0x1c kernel/lib.a(init.o)
                0x00010c64                _data_copy
 .text._main    0x00010c80       0x28 kernel/lib.a(init.o)
 .text._Cstart  0x00010ca8      0x100 kernel/lib.a(init.o)
                0x00010ca8                _Cstart
 .text.adjust_owner_prio.isra.6
                0x00010da8       0x2c kernel/lib.a(mutex.o)
 .text.k_mutex_lock
                0x00010dd4       0xc4 kernel/lib.a(mutex.o)
                0x00010dd4                k_mutex_lock
 .text.k_mutex_unlock
                0x00010e98       0xdc kernel/lib.a(mutex.o)
                0x00010e98                k_mutex_unlock
 .text.clear_event_registrations
                0x00010f74       0x40 kernel/lib.a(poll.o)
 .text._signal_poll_event
                0x00010fb4       0xcc kernel/lib.a(poll.o)
 .text.k_poll_event_init
                0x00011080       0x3c kernel/lib.a(poll.o)
                0x00011080                k_poll_event_init
 .text.k_poll   0x000110bc      0x174 kernel/lib.a(poll.o)
                0x000110bc                k_poll
 .text._handle_obj_poll_event
                0x00011230       0x14 kernel/lib.a(poll.o)
                0x00011230                _handle_obj_poll_event
 .text.k_poll_signal
                0x00011244       0x3a kernel/lib.a(poll.o)
                0x00011244                k_poll_signal
 .text._ready_thread
                0x0001127e       0x1e kernel/lib.a(queue.o)
 .text.handle_poll_event
                0x0001129c       0x16 kernel/lib.a(queue.o)
 .text._Swap    0x000112b2       0x10 kernel/lib.a(queue.o)
 *fill*         0x000112c2        0x2 
 .text._must_switch_threads
                0x000112c4       0x1c kernel/lib.a(queue.o)
 .text._unpend_first_thread
                0x000112e0       0x58 kernel/lib.a(queue.o)
 .text._abort_timeout
                0x00011338       0x30 kernel/lib.a(queue.o)
 .text.k_queue_init
                0x00011368        0xe kernel/lib.a(queue.o)
                0x00011368                k_queue_init
 .text.k_queue_insert
                0x00011376       0x8a kernel/lib.a(queue.o)
                0x00011376                k_queue_insert
 .text.k_queue_append
                0x00011400        0xc kernel/lib.a(queue.o)
                0x00011400                k_queue_append
 .text.k_queue_prepend
                0x0001140c        0xc kernel/lib.a(queue.o)
                0x0001140c                k_queue_prepend
 .text.k_queue_append_list
                0x00011418       0x88 kernel/lib.a(queue.o)
                0x00011418                k_queue_append_list
 .text.k_queue_get
                0x000114a0       0x50 kernel/lib.a(queue.o)
                0x000114a0                k_queue_get
 .text._add_timeout
                0x000114f0       0x5c kernel/lib.a(sched.o)
 .text._add_thread_to_ready_q
                0x0001154c       0x50 kernel/lib.a(sched.o)
                0x0001154c                _add_thread_to_ready_q
 .text._remove_thread_from_ready_q
                0x0001159c       0x58 kernel/lib.a(sched.o)
                0x0001159c                _remove_thread_from_ready_q
 .text._pend_thread
                0x000115f4       0x66 kernel/lib.a(sched.o)
                0x000115f4                _pend_thread
 *fill*         0x0001165a        0x2 
 .text._pend_current_thread
                0x0001165c       0x20 kernel/lib.a(sched.o)
                0x0001165c                _pend_current_thread
 .text.__must_switch_threads
                0x0001167c       0x24 kernel/lib.a(sched.o)
                0x0001167c                __must_switch_threads
 .text._reschedule_threads
                0x000116a0       0x34 kernel/lib.a(sched.o)
                0x000116a0                _reschedule_threads
 .text.k_sched_unlock
                0x000116d4       0x1c kernel/lib.a(sched.o)
                0x000116d4                k_sched_unlock
 .text._move_thread_to_end_of_prio_q
                0x000116f0       0x44 kernel/lib.a(sched.o)
                0x000116f0                _move_thread_to_end_of_prio_q
 .text.k_yield  0x00011734       0x38 kernel/lib.a(sched.o)
                0x00011734                k_yield
 .text.k_sleep  0x0001176c       0x4c kernel/lib.a(sched.o)
                0x0001176c                k_sleep
 .text.k_current_get
                0x000117b8        0xc kernel/lib.a(sched.o)
                0x000117b8                k_current_get
 .text._is_thread_time_slicing
                0x000117c4       0x54 kernel/lib.a(sched.o)
                0x000117c4                _is_thread_time_slicing
 .text._update_time_slice_before_swap
                0x00011818        0xc kernel/lib.a(sched.o)
                0x00011818                _update_time_slice_before_swap
 .text._ready_thread
                0x00011824       0x1e kernel/lib.a(sem.o)
 *fill*         0x00011842        0x2 
 .text._unpend_first_thread
                0x00011844       0x58 kernel/lib.a(sem.o)
 .text._abort_timeout
                0x0001189c       0x30 kernel/lib.a(sem.o)
 .text.k_sem_init
                0x000118cc        0xe kernel/lib.a(sem.o)
                0x000118cc                k_sem_init
 *fill*         0x000118da        0x2 
 .text.k_sem_give
                0x000118dc       0x78 kernel/lib.a(sem.o)
                0x000118dc                k_sem_give
 .text.k_sem_take
                0x00011954       0x3e kernel/lib.a(sem.o)
                0x00011954                k_sem_take
 *fill*         0x00011992        0x2 
 .text._tick_get
                0x00011994       0x18 kernel/lib.a(sys_clock.o)
                0x00011994                sys_tick_get
                0x00011994                _tick_get
 .text.k_uptime_get
                0x000119ac       0x10 kernel/lib.a(sys_clock.o)
                0x000119ac                k_uptime_get
 .text._nano_sys_clock_tick_announce
                0x000119bc      0x18c kernel/lib.a(sys_clock.o)
                0x000119bc                _nano_sys_clock_tick_announce
 .text.k_sys_work_q_init
                0x00011b48       0x20 kernel/lib.a(system_work_q.o)
 .text._is_thread_ready
                0x00011b68       0x14 kernel/lib.a(thread.o)
 .text.start_thread
                0x00011b7c       0x4c kernel/lib.a(thread.o)
 .text._abort_timeout
                0x00011bc8       0x30 kernel/lib.a(thread.o)
 .text.schedule_new_thread.part.14
                0x00011bf8       0x7c kernel/lib.a(thread.o)
 .text.k_is_in_isr
                0x00011c74       0x12 kernel/lib.a(thread.o)
                0x00011c74                k_is_in_isr
 *fill*         0x00011c86        0x2 
 .text._is_thread_essential
                0x00011c88       0x10 kernel/lib.a(thread.o)
                0x00011c88                _is_thread_essential
 .text._thread_entry
                0x00011c98       0x28 kernel/lib.a(thread.o)
                0x00011c98                _thread_entry
 .text.k_thread_create
                0x00011cc0       0x3c kernel/lib.a(thread.o)
                0x00011cc0                k_thread_create
 .text._k_thread_single_abort
                0x00011cfc       0x4e kernel/lib.a(thread.o)
                0x00011cfc                _k_thread_single_abort
 *fill*         0x00011d4a        0x2 
 .text._init_static_threads
                0x00011d4c       0x80 kernel/lib.a(thread.o)
                0x00011d4c                _init_static_threads
 .text._init_thread_base
                0x00011dcc       0x18 kernel/lib.a(thread.o)
                0x00011dcc                _init_thread_base
 .text.k_work_submit_to_queue
                0x00011de4       0x1e kernel/lib.a(work_q.o)
 .text.work_timeout
                0x00011e02       0x14 kernel/lib.a(work_q.o)
 .text.work_q_main
                0x00011e16       0x2a kernel/lib.a(work_q.o)
 .text.k_work_q_start
                0x00011e40       0x34 kernel/lib.a(work_q.o)
                0x00011e40                k_work_q_start
 .text.k_delayed_work_init
                0x00011e74       0x2c kernel/lib.a(work_q.o)
                0x00011e74                k_delayed_work_init
 .text.k_delayed_work_cancel
                0x00011ea0       0x70 kernel/lib.a(work_q.o)
                0x00011ea0                k_delayed_work_cancel
 .text.k_delayed_work_submit_to_queue
                0x00011f10       0xb8 kernel/lib.a(work_q.o)
                0x00011f10                k_delayed_work_submit_to_queue
 .text._OffsetAbsSyms
                0x00011fc8        0x2 ./arch/arm/core/offsets/offsets.o
                0x00011fc8                _OffsetAbsSyms
 *(.gnu.linkonce.t.*)
                0x00011fca                _image_text_end = .

.glue_7         0x00011fcc        0x0
 .glue_7        0x00011fcc        0x0 linker stubs

.glue_7t        0x00011fcc        0x0
 .glue_7t       0x00011fcc        0x0 linker stubs

.vfp11_veneer   0x00011fcc        0x0
 .vfp11_veneer  0x00011fcc        0x0 linker stubs

.v4_bx          0x00011fcc        0x0
 .v4_bx         0x00011fcc        0x0 linker stubs

.iplt           0x00011fcc        0x0
 .iplt          0x00011fcc        0x0 isr_tables.o

.igot.plt       0x00011fcc        0x0
 .igot.plt      0x00011fcc        0x0 isr_tables.o

.ARM.exidx      0x00011fcc        0x8
                0x00011fcc                __exidx_start = .
 *(.ARM.exidx* gnu.linkonce.armexidx.*)
 .ARM.exidx     0x00011fcc        0x8 /home/mrnam/gcc-arm-none-eabi-5_4-2016q3/bin/../lib/gcc/arm-none-eabi/5.4.1/armv6-m/libgcc.a(_udivmoddi4.o)
                0x00011fd4                __exidx_end = .

devconfig       0x00011fd4       0x6c
                0x00011fd4                __devconfig_start = .
 *(.devconfig.*)
 .devconfig.init
                0x00011fd4       0x48 drivers/built-in.o
 .devconfig.init
                0x0001201c        0xc subsys/built-in.o
 .devconfig.init
                0x00012028        0xc arch/built-in.o
 .devconfig.init
                0x00012034        0xc kernel/lib.a(system_work_q.o)
 *(SORT(.devconfig*))
                0x00012040                __devconfig_end = .

net_l2          0x00012040        0x0
                0x00012040                __net_l2_start = .
 *(.net_l2.init)
 *(SORT(.net_l2.init*))
                0x00012040                __net_l2_end = .

rodata          0x00012040     0x2fd0
 *(.rodata)
 .rodata        0x00012040       0x50 subsys/built-in.o
 *(.rodata.*)
 .rodata.ad     0x00012090       0x18 src/built-in.o
 .rodata.bot_motion_char_uuid
                0x000120a8       0x11 src/built-in.o
 *fill*         0x000120b9        0x3 
 .rodata.sd     0x000120bc        0x8 src/built-in.o
 .rodata.bot_relay4_char_uuid
                0x000120c4       0x11 src/built-in.o
 .rodata.bot_relay2_char_uuid
                0x000120d5       0x11 src/built-in.o
 .rodata.str1.1
                0x000120e6      0x18a src/built-in.o
 .rodata.bot_relay1_char_uuid
                0x00012270       0x11 src/built-in.o
 .rodata.bot_relay3_char_uuid
                0x00012281       0x11 src/built-in.o
 .rodata.str1.1
                0x00012292       0x27 drivers/built-in.o
                                 0x48 (size before relaxing)
 *fill*         0x000122b9        0x3 
 .rodata.uart_nrf5_driver_api
                0x000122bc        0xc drivers/built-in.o
 .rodata.uart_nrf5_dev_cfg_0
                0x000122c8        0x8 drivers/built-in.o
 .rodata.gpio_nrf5_P0_cfg
                0x000122d0        0xc drivers/built-in.o
 .rodata.gpio_nrf5_drv_api_funcs
                0x000122dc       0x1c drivers/built-in.o
 .rodata.drive_strength.5688
                0x000122f8       0x40 drivers/built-in.o
 .rodata._m16src_clock_control_api
                0x00012338        0xc drivers/built-in.o
 .rodata._k32src_clock_control_api
                0x00012344        0xc drivers/built-in.o
 .rodata.hex.5715
                0x00012350       0x11 subsys/built-in.o
 .rodata.str1.1
                0x00012361     0x1fc5 subsys/built-in.o
                               0x233a (size before relaxing)
 .rodata.uuid128_base
                0x00014326       0x11 subsys/built-in.o
 .rodata.__func__.7866
                0x00014337        0x8 subsys/built-in.o
 .rodata.__func__.7911
                0x0001433f        0xe subsys/built-in.o
 .rodata.__func__.7546
                0x0001434d        0x8 subsys/built-in.o
 .rodata.__func__.7916
                0x00014355        0x9 subsys/built-in.o
 .rodata.__func__.7927
                0x0001435e        0x8 subsys/built-in.o
 .rodata.__func__.7640
                0x00014366       0x17 subsys/built-in.o
 .rodata.__func__.7610
                0x0001437d       0x11 subsys/built-in.o
 .rodata.__func__.7935
                0x0001438e        0xd subsys/built-in.o
 .rodata.__func__.7755
                0x0001439b       0x12 subsys/built-in.o
 .rodata.__func__.7802
                0x000143ad        0xe subsys/built-in.o
 .rodata.__func__.7618
                0x000143bb       0x18 subsys/built-in.o
 .rodata.__func__.7771
                0x000143d3        0xa subsys/built-in.o
 .rodata.__func__.7632
                0x000143dd       0x13 subsys/built-in.o
 .rodata.__func__.7901
                0x000143f0       0x10 subsys/built-in.o
 .rodata.__func__.7957
                0x00014400        0xa subsys/built-in.o
 .rodata.__func__.7781
                0x0001440a        0x9 subsys/built-in.o
 .rodata.__func__.7786
                0x00014413        0xf subsys/built-in.o
 .rodata.__func__.7577
                0x00014422       0x15 subsys/built-in.o
 .rodata.__func__.7500
                0x00014437       0x10 subsys/built-in.o
 .rodata.__func__.7705
                0x00014447        0xd subsys/built-in.o
 .rodata.__func__.7666
                0x00014454       0x12 subsys/built-in.o
 .rodata.__func__.7553
                0x00014466       0x1a subsys/built-in.o
 .rodata.__func__.7673
                0x00014480       0x18 subsys/built-in.o
 .rodata.__func__.6776
                0x00014498       0x13 subsys/built-in.o
 .rodata.__func__.6733
                0x000144ab        0xa subsys/built-in.o
 .rodata.__func__.6688
                0x000144b5        0xd subsys/built-in.o
 .rodata.__func__.6699
                0x000144c2       0x10 subsys/built-in.o
 .rodata.__func__.6793
                0x000144d2       0x12 subsys/built-in.o
 .rodata.__func__.6495
                0x000144e4        0xe subsys/built-in.o
 .rodata.__func__.6454
                0x000144f2       0x12 subsys/built-in.o
 .rodata.__func__.6478
                0x00014504        0xb subsys/built-in.o
 .rodata.__func__.6516
                0x0001450f        0xd subsys/built-in.o
 .rodata.__func__.6377
                0x0001451c       0x12 subsys/built-in.o
 .rodata.__func__.6925
                0x0001452e        0xd subsys/built-in.o
 .rodata.__func__.7272
                0x0001453b       0x15 subsys/built-in.o
 .rodata.__func__.7429
                0x00014550        0xe subsys/built-in.o
 *fill*         0x0001455e        0x2 
 .rodata.handlers
                0x00014560       0xd8 subsys/built-in.o
 .rodata.__func__.6938
                0x00014638        0xf subsys/built-in.o
 .rodata.__func__.7379
                0x00014647        0xd subsys/built-in.o
 .rodata.__func__.7370
                0x00014654        0xc subsys/built-in.o
 .rodata.__func__.7388
                0x00014660       0x12 subsys/built-in.o
 .rodata.__func__.7410
                0x00014672        0xc subsys/built-in.o
 *fill*         0x0001467e        0x2 
 .rodata.CSWTCH.48
                0x00014680       0x14 subsys/built-in.o
 .rodata.__func__.7038
                0x00014694       0x17 subsys/built-in.o
 .rodata.__func__.7147
                0x000146ab        0xc subsys/built-in.o
 .rodata.__func__.7106
                0x000146b7       0x17 subsys/built-in.o
 .rodata.__func__.7165
                0x000146ce        0xa subsys/built-in.o
 .rodata.__func__.6948
                0x000146d8        0xe subsys/built-in.o
 .rodata.__func__.7172
                0x000146e6        0xe subsys/built-in.o
 .rodata.__func__.6349
                0x000146f4        0xe subsys/built-in.o
 .rodata.__func__.7877
                0x00014702        0xf subsys/built-in.o
 .rodata.__func__.7730
                0x00014711       0x15 subsys/built-in.o
 .rodata.__func__.7663
                0x00014726        0xf subsys/built-in.o
 .rodata.__func__.7826
                0x00014735        0xf subsys/built-in.o
 .rodata.__func__.7680
                0x00014744        0xf subsys/built-in.o
 .rodata.__func__.7777
                0x00014753       0x14 subsys/built-in.o
 .rodata.__func__.7798
                0x00014767        0xf subsys/built-in.o
 .rodata.__func__.7863
                0x00014776       0x11 subsys/built-in.o
 .rodata.CSWTCH.175
                0x00014787        0xb subsys/built-in.o
 .rodata.__func__.7701
                0x00014792       0x12 subsys/built-in.o
 .rodata.__func__.7487
                0x000147a4       0x10 subsys/built-in.o
 .rodata.drv    0x000147b4       0x10 subsys/built-in.o
 .rodata.__func__.7496
                0x000147c4       0x10 subsys/built-in.o
 .rodata.__func__.7462
                0x000147d4        0xc subsys/built-in.o
 .rodata.__func__.6619
                0x000147e0        0xa subsys/built-in.o
 .rodata.__func__.6616
                0x000147ea        0xa subsys/built-in.o
 .rodata.__func__.7066
                0x000147f4       0x17 subsys/built-in.o
 .rodata.__func__.7043
                0x0001480b       0x1f subsys/built-in.o
 .rodata.__func__.7053
                0x0001482a       0x1f subsys/built-in.o
 .rodata.__func__.7101
                0x00014849       0x17 subsys/built-in.o
 .rodata.__func__.6988
                0x00014860       0x1a subsys/built-in.o
 .rodata.__func__.8818
                0x0001487a       0x13 subsys/built-in.o
 .rodata.__func__.8104
                0x0001488d        0xe subsys/built-in.o
 .rodata.__func__.8402
                0x0001489b        0x9 subsys/built-in.o
 .rodata.__func__.8273
                0x000148a4       0x13 subsys/built-in.o
 .rodata.__func__.8837
                0x000148b7       0x11 subsys/built-in.o
 .rodata.__func__.8559
                0x000148c8        0xf subsys/built-in.o
 .rodata.__func__.8291
                0x000148d7       0x16 subsys/built-in.o
 .rodata.__func__.8801
                0x000148ed        0xc subsys/built-in.o
 .rodata.__func__.8857
                0x000148f9       0x14 subsys/built-in.o
 .rodata.__func__.8614
                0x0001490d       0x17 subsys/built-in.o
 .rodata.gc_lookup_ppm
                0x00014924       0x10 subsys/built-in.o
 .rodata.__func__.9169
                0x00014934       0x15 subsys/built-in.o
 .rodata.__func__.7963
                0x00014949       0x22 subsys/built-in.o
 .rodata.__func__.8011
                0x0001496b       0x15 subsys/built-in.o
 .rodata.__func__.8464
                0x00014980        0xf subsys/built-in.o
 .rodata.__func__.9213
                0x0001498f       0x15 subsys/built-in.o
 .rodata.__func__.8316
                0x000149a4        0xb subsys/built-in.o
 .rodata.__func__.8187
                0x000149af       0x19 subsys/built-in.o
 .rodata.__func__.8332
                0x000149c8       0x15 subsys/built-in.o
 .rodata.__func__.8234
                0x000149dd        0xb subsys/built-in.o
 .rodata.__func__.7941
                0x000149e8       0x14 subsys/built-in.o
 .rodata.__func__.9129
                0x000149fc       0x11 subsys/built-in.o
 .rodata.__func__.8900
                0x00014a0d       0x14 subsys/built-in.o
 .rodata.__func__.7997
                0x00014a21       0x19 subsys/built-in.o
 .rodata.__func__.8450
                0x00014a3a        0xa subsys/built-in.o
 .rodata.__func__.8865
                0x00014a44       0x11 subsys/built-in.o
 .rodata.__func__.8654
                0x00014a55        0xc subsys/built-in.o
 .rodata.__func__.8208
                0x00014a61        0xd subsys/built-in.o
 .rodata.__func__.8871
                0x00014a6e        0xd subsys/built-in.o
 .rodata.__func__.8671
                0x00014a7b        0xd subsys/built-in.o
 .rodata.__func__.8096
                0x00014a88       0x13 subsys/built-in.o
 .rodata.__func__.8522
                0x00014a9b       0x17 subsys/built-in.o
 .rodata.__func__.8058
                0x00014ab2       0x10 subsys/built-in.o
 .rodata.__func__.8781
                0x00014ac2        0xc subsys/built-in.o
 .rodata.__func__.8246
                0x00014ace       0x13 subsys/built-in.o
 .rodata.__func__.8824
                0x00014ae1       0x13 subsys/built-in.o
 .rodata.__func__.8573
                0x00014af4        0xf subsys/built-in.o
 .rodata.__func__.8843
                0x00014b03       0x11 subsys/built-in.o
 .rodata.__func__.9205
                0x00014b14       0x1c subsys/built-in.o
 .rodata.__func__.8849
                0x00014b30        0xf subsys/built-in.o
 .rodata.__func__.8430
                0x00014b3f       0x18 subsys/built-in.o
 .rodata.__func__.7909
                0x00014b57       0x13 subsys/built-in.o
 .rodata.__func__.8139
                0x00014b6a       0x16 subsys/built-in.o
 .rodata.__func__.8717
                0x00014b80       0x12 subsys/built-in.o
 .rodata.__func__.7928
                0x00014b92        0xc subsys/built-in.o
 .rodata.__func__.8623
                0x00014b9e       0x19 subsys/built-in.o
 .rodata.__func__.8221
                0x00014bb7        0xf subsys/built-in.o
 .rodata.__func__.8172
                0x00014bc6       0x16 subsys/built-in.o
 .rodata.__func__.8750
                0x00014bdc       0x14 subsys/built-in.o
 .rodata.__func__.8306
                0x00014bf0       0x12 subsys/built-in.o
 .rodata.__func__.8755
                0x00014c02       0x13 subsys/built-in.o
 .rodata.__func__.8831
                0x00014c15       0x11 subsys/built-in.o
 .rodata.__func__.8193
                0x00014c26       0x1b subsys/built-in.o
 .rodata.__func__.8159
                0x00014c41        0x4 subsys/built-in.o
 .rodata.__func__.8198
                0x00014c45       0x14 subsys/built-in.o
 .rodata.__func__.8776
                0x00014c59       0x19 subsys/built-in.o
 .rodata.__func__.8182
                0x00014c72       0x18 subsys/built-in.o
 .rodata.__func__.7987
                0x00014c8a       0x19 subsys/built-in.o
 .rodata.__func__.8792
                0x00014ca3       0x10 subsys/built-in.o
 .rodata.__func__.8177
                0x00014cb3       0x17 subsys/built-in.o
 .rodata.__func__.7839
                0x00014cca       0x13 subsys/built-in.o
 .rodata.__func__.8928
                0x00014cdd        0xd subsys/built-in.o
 .rodata.__func__.7897
                0x00014cea        0xb subsys/built-in.o
 .rodata.__func__.8126
                0x00014cf5        0xf subsys/built-in.o
 .rodata.__func__.8812
                0x00014d04        0xd subsys/built-in.o
 .rodata.__func__.7819
                0x00014d11        0xc subsys/built-in.o
 .rodata.__func__.7704
                0x00014d1d        0xc subsys/built-in.o
 .rodata.__func__.7690
                0x00014d29       0x12 subsys/built-in.o
 .rodata.__func__.7685
                0x00014d3b       0x11 subsys/built-in.o
 .rodata.__func__.7737
                0x00014d4c        0x8 subsys/built-in.o
 .rodata.__func__.6492
                0x00014d54       0x10 subsys/built-in.o
 .rodata.__func__.6510
                0x00014d64       0x11 subsys/built-in.o
 .rodata.__func__.6410
                0x00014d75        0xc subsys/built-in.o
 .rodata.__func__.6414
                0x00014d81       0x15 subsys/built-in.o
 .rodata.__func__.6482
                0x00014d96       0x15 subsys/built-in.o
 .rodata.str1.1
                0x00014dab      0x247 arch/built-in.o
                                0x248 (size before relaxing)
 *fill*         0x00014ff2        0x2 
 .rodata.config_levels
                0x00014ff4       0x14 kernel/lib.a(device.o)
 .rodata._k_neg_eagain
                0x00015008        0x4 kernel/lib.a(errno.o)
                0x00015008                _k_neg_eagain
 .rodata._idle_thread
                0x0001500c        0x4 kernel/lib.a(init.o)
                0x0001500c                _idle_thread
 .rodata.str1.1
                0x00015010        0x1 kernel/lib.a(system_work_q.o)
 *(.gnu.linkonce.r.*)
                0x00015014                . = ALIGN (0x4)
                0x00015014                _image_rom_end = .
                0x00015014                __data_rom_start = .

.rel.dyn        0x00015010        0x0
 .rel.iplt      0x00015010        0x0 isr_tables.o

datas           0x20000000      0x580 load address 0x00015010
                0x20000000                _image_ram_start = .
                0x20000000                __data_ram_start = .
 *(.data)
 *(.data.*)
 .data.__compound_literal.0
                0x20000000        0x4 src/built-in.o
 .data.__compound_literal.1
                0x20000004        0x4 src/built-in.o
 .data.__compound_literal.2
                0x20000008        0x8 src/built-in.o
 .data.__compound_literal.3
                0x20000010        0x4 src/built-in.o
 .data.__compound_literal.4
                0x20000014        0x8 src/built-in.o
 .data.__compound_literal.5
                0x2000001c        0x4 src/built-in.o
 .data.__compound_literal.6
                0x20000020        0x8 src/built-in.o
 .data.conn_callbacks
                0x20000028       0x14 src/built-in.o
 .data.__compound_literal.8
                0x2000003c        0x8 src/built-in.o
 .data.__compound_literal.9
                0x20000044        0x4 src/built-in.o
 .data.__compound_literal.7
                0x20000048        0x4 src/built-in.o
 .data.bot_svc  0x2000004c        0xc src/built-in.o
 .data.__compound_literal.10
                0x20000058        0x8 src/built-in.o
 .data.__compound_literal.12
                0x20000060        0x1 src/built-in.o
 .data.__compound_literal.14
                0x20000061        0x2 src/built-in.o
 .data.__compound_literal.16
                0x20000063       0x10 src/built-in.o
 .data.bot_service_uuid
                0x20000073       0x11 src/built-in.o
 .data.bot_ble_attrs
                0x20000084       0xdc src/built-in.o
 .data.uart_nrf5_dev_data_0
                0x20000160        0x4 drivers/built-in.o
 .data._char_out
                0x20000164        0x4 misc/built-in.o
 .data.events.7801
                0x20000168       0x30 subsys/built-in.o
 .data.bt_dev   0x20000198       0xe0 subsys/built-in.o
                0x20000198                bt_dev
 .data.chan.6525
                0x20000278        0xc subsys/built-in.o
 .data.ops.6515
                0x20000284       0x14 subsys/built-in.o
 .data.chan.7438
                0x20000298        0xc subsys/built-in.o
 .data.ops.7428
                0x200002a4       0x14 subsys/built-in.o
 .data.gatt_attrs
                0x200002b8       0x50 subsys/built-in.o
 .data.__compound_literal.0
                0x20000308        0x4 subsys/built-in.o
 .data.__compound_literal.1
                0x2000030c        0x4 subsys/built-in.o
 .data.__compound_literal.3
                0x20000310        0x4 subsys/built-in.o
 .data.__compound_literal.4
                0x20000314        0x8 subsys/built-in.o
 .data.__compound_literal.6
                0x2000031c        0x4 subsys/built-in.o
 .data.gap_attrs
                0x20000320       0x64 subsys/built-in.o
 .data.__compound_literal.8
                0x20000384        0x8 subsys/built-in.o
 .data.__compound_literal.9
                0x2000038c        0x4 subsys/built-in.o
 .data.__compound_literal.2
                0x20000390        0x4 subsys/built-in.o
 .data.__compound_literal.17
                0x20000394       0x10 subsys/built-in.o
 .data.__compound_literal.7
                0x200003a4        0x4 subsys/built-in.o
 .data.gatt_svc
                0x200003a8        0xc subsys/built-in.o